Component: ARM Compiler 5.06 update 2 (build 183) Tool: armlink [4d35b7]

==============================================================================

Section Cross References

    startup_stm32f407xx.o(RESET) refers to startup_stm32f407xx.o(STACK) for __initial_sp
    startup_stm32f407xx.o(RESET) refers to startup_stm32f407xx.o(.text) for Reset_Handler
    startup_stm32f407xx.o(RESET) refers to stm32f4xx_it.o(i.NMI_Handler) for NMI_Handler
    startup_stm32f407xx.o(RESET) refers to stm32f4xx_it.o(i.HardFault_Handler) for HardFault_Handler
    startup_stm32f407xx.o(RESET) refers to stm32f4xx_it.o(i.MemManage_Handler) for MemManage_Handler
    startup_stm32f407xx.o(RESET) refers to stm32f4xx_it.o(i.BusFault_Handler) for BusFault_Handler
    startup_stm32f407xx.o(RESET) refers to stm32f4xx_it.o(i.UsageFault_Handler) for UsageFault_Handler
    startup_stm32f407xx.o(RESET) refers to stm32f4xx_it.o(i.SVC_Handler) for SVC_Handler
    startup_stm32f407xx.o(RESET) refers to stm32f4xx_it.o(i.DebugMon_Handler) for DebugMon_Handler
    startup_stm32f407xx.o(RESET) refers to stm32f4xx_it.o(i.PendSV_Handler) for PendSV_Handler
    startup_stm32f407xx.o(RESET) refers to stm32f4xx_it.o(i.SysTick_Handler) for SysTick_Handler
    startup_stm32f407xx.o(RESET) refers to stm32f4xx_it.o(i.USART2_IRQHandler) for USART2_IRQHandler
    startup_stm32f407xx.o(RESET) refers to stm32f4xx_it.o(i.USART3_IRQHandler) for USART3_IRQHandler
    startup_stm32f407xx.o(RESET) refers to stm32f4xx_it.o(i.SDIO_IRQHandler) for SDIO_IRQHandler
    startup_stm32f407xx.o(RESET) refers to stm32f4xx_it.o(i.DMA2_Stream3_IRQHandler) for DMA2_Stream3_IRQHandler
    startup_stm32f407xx.o(RESET) refers to stm32f4xx_it.o(i.OTG_FS_IRQHandler) for OTG_FS_IRQHandler
    startup_stm32f407xx.o(RESET) refers to stm32f4xx_it.o(i.DMA2_Stream6_IRQHandler) for DMA2_Stream6_IRQHandler
    startup_stm32f407xx.o(RESET) refers to stm32f4xx_it.o(i.USART6_IRQHandler) for USART6_IRQHandler
    startup_stm32f407xx.o(.text) refers to system_stm32f4xx.o(i.SystemInit) for SystemInit
    startup_stm32f407xx.o(.text) refers to entry.o(.ARM.Collect$$$$00000000) for __main
    funciones.o(i.ALLISON_init) refers to stm32f4xx_hal_gpio.o(i.HAL_GPIO_WritePin) for HAL_GPIO_WritePin
    funciones.o(i.ALLISON_init) refers to stm32f4xx_hal.o(i.HAL_Delay) for HAL_Delay
    funciones.o(i.ALLISON_init) refers to funciones.o(i.mensaje_USB) for mensaje_USB
    funciones.o(i.CC32_init) refers to memcpya.o(.text) for __aeabi_memcpy4
    funciones.o(i.CC32_init) refers to strlen.o(.text) for strlen
    funciones.o(i.CC32_init) refers to usbd_cdc_if.o(i.CDC_Transmit_FS) for CDC_Transmit_FS
    funciones.o(i.CC32_init) refers to stm32f4xx_hal.o(i.HAL_Delay) for HAL_Delay
    funciones.o(i.COM_TEST_WIFI) refers to stm32f4xx_hal_uart.o(i.HAL_UART_Transmit) for HAL_UART_Transmit
    funciones.o(i.COM_TEST_WIFI) refers to stm32f4xx_hal_uart.o(i.HAL_UART_Receive) for HAL_UART_Receive
    funciones.o(i.COM_TEST_WIFI) refers to stm32f4xx_hal_gpio.o(i.HAL_GPIO_WritePin) for HAL_GPIO_WritePin
    funciones.o(i.COM_TEST_WIFI) refers to stm32f4xx_hal.o(i.HAL_Delay) for HAL_Delay
    funciones.o(i.COM_TEST_WIFI) refers to main.o(.bss) for huart3
    funciones.o(i.UART_Display) refers to stm32f4xx_hal_uart.o(i.HAL_UART_Transmit_IT) for HAL_UART_Transmit_IT
    funciones.o(i.UART_Display) refers to stm32f4xx_hal_uart.o(i.HAL_UART_Receive_IT) for HAL_UART_Receive_IT
    funciones.o(i.UART_Display) refers to stm32f4xx_hal.o(i.HAL_Delay) for HAL_Delay
    funciones.o(i.UART_Display) refers to strcmp.o(.text) for strcmp
    funciones.o(i.UART_Display) refers to funciones.o(i.prueba_rts_cts) for prueba_rts_cts
    funciones.o(i.UART_Display) refers to main.o(.bss) for huart6
    funciones.o(i.com_MB_Printer) refers to stm32f4xx_hal_uart.o(i.HAL_UART_Receive_IT) for HAL_UART_Receive_IT
    funciones.o(i.com_MB_Printer) refers to stm32f4xx_hal_uart.o(i.HAL_UART_Transmit_IT) for HAL_UART_Transmit_IT
    funciones.o(i.com_MB_Printer) refers to stm32f4xx_hal.o(i.HAL_Delay) for HAL_Delay
    funciones.o(i.com_MB_Printer) refers to funciones.o(i.led_ERR) for led_ERR
    funciones.o(i.com_MB_Printer) refers to funciones.o(i.led_ok) for led_ok
    funciones.o(i.com_MB_Printer) refers to main.o(.bss) for huart2
    funciones.o(i.com_MB_Printer) refers to funciones.o(.data) for .data
    funciones.o(i.com_USB_PC) refers to funciones.o(i.mensaje_USB) for mensaje_USB
    funciones.o(i.com_USB_PC) refers to stm32f4xx_hal_gpio.o(i.HAL_GPIO_WritePin) for HAL_GPIO_WritePin
    funciones.o(i.com_USB_PC) refers to funciones.o(i.led_ERR) for led_ERR
    funciones.o(i.com_USB_PC) refers to funciones.o(i.led_ok) for led_ok
    funciones.o(i.com_USB_PC) refers to memseta.o(.text) for __aeabi_memclr
    funciones.o(i.com_USB_PC) refers to funciones.o(.bss) for .bss
    funciones.o(i.drawer) refers to memcpya.o(.text) for __aeabi_memcpy4
    funciones.o(i.drawer) refers to strlen.o(.text) for strlen
[...]
    __Vectors                                0x08000000   Data           4  startup_stm32f407xx.o(RESET)
    __Vectors_End                            0x08000188   Data           0  startup_stm32f407xx.o(RESET)
    __main                                   0x08000189   Thumb Code     0  entry.o(.ARM.Collect$$$$00000000)
    _main_stk                                0x08000189   Thumb Code     0  entry2.o(.ARM.Collect$$$$00000001)
    _main_scatterload                        0x0800018d   Thumb Code     0  entry5.o(.ARM.Collect$$$$00000004)
    __main_after_scatterload                 0x08000191   Thumb Code     0  entry5.o(.ARM.Collect$$$$00000004)
    _main_clock                              0x08000191   Thumb Code     0  entry7b.o(.ARM.Collect$$$$00000008)
    _main_cpp_init                           0x08000191   Thumb Code     0  entry8b.o(.ARM.Collect$$$$0000000A)
    _main_init                               0x08000191   Thumb Code     0  entry9a.o(.ARM.Collect$$$$0000000B)
    __rt_final_cpp                           0x08000199   Thumb Code     0  entry10a.o(.ARM.Collect$$$$0000000D)
    __rt_final_exit                          0x08000199   Thumb Code     0  entry11a.o(.ARM.Collect$$$$0000000F)
    Reset_Handler                            0x0800019d   Thumb Code     8  startup_stm32f407xx.o(.text)
    ADC_IRQHandler                           0x080001b7   Thumb Code     0  startup_stm32f407xx.o(.text)
    CAN1_RX0_IRQHandler                      0x080001b7   Thumb Code     0  startup_stm32f407xx.o(.text)
    CAN1_RX1_IRQHandler                      0x080001b7   Thumb Code     0  startup_stm32f407xx.o(.text)
    CAN1_SCE_IRQHandler                      0x080001b7   Thumb Code     0  startup_stm32f407xx.o(.text)
    CAN1_TX_IRQHandler                       0x080001b7   Thumb Code     0  startup_stm32f407xx.o(.text)
    CAN2_RX0_IRQHandler                      0x080001b7   Thumb Code     0  startup_stm32f407xx.o(.text)
    CAN2_RX1_IRQHandler                      0x080001b7   Thumb Code     0  startup_stm32f407xx.o(.text)
    CAN2_SCE_IRQHandler                      0x080001b7   Thumb Code     0  startup_stm32f407xx.o(.text)
    CAN2_TX_IRQHandler                       0x080001b7   Thumb Code     0  startup_stm32f407xx.o(.text)
    DCMI_IRQHandler                          0x080001b7   Thumb Code     0  startup_stm32f407xx.o(.text)
    DMA1_Stream0_IRQHandler                  0x080001b7   Thumb Code     0  startup_stm32f407xx.o(.text)
    DMA1_Stream1_IRQHandler                  0x080001b7   Thumb Code     0  startup_stm32f407xx.o(.text)
    DMA1_Stream2_IRQHandler                  0x080001b7   Thumb Code     0  startup_stm32f407xx.o(.text)
    DMA1_Stream3_IRQHandler                  0x080001b7   Thumb Code     0  startup_stm32f407xx.o(.text)
    DMA1_Stream4_IRQHandler                  0x080001b7   Thumb Code     0  startup_stm32f407xx.o(.text)
    DMA1_Stream5_IRQHandler                  0x080001b7   Thumb Code     0  startup_stm32f407xx.o(.text)
    DMA1_Stream6_IRQHandler                  0x080001b7   Thumb Code     0  startup_stm32f407xx.o(.text)
    DMA1_Stream7_IRQHandler                  0x080001b7   Thumb Code     0  startup_stm32f407xx.o(.text)
    DMA2_Stream0_IRQHandler                  0x080001b7   Thumb Code     0  startup_stm32f407xx.o(.text)
    DMA2_Stream1_IRQHandler                  0x080001b7   Thumb Code     0  startup_stm32f407xx.o(.text)
    DMA2_Stream2_IRQHandler                  0x080001b7   Thumb Code     0  startup_stm32f407xx.o(.text)
    DMA2_Stream4_IRQHandler                  0x080001b7   Thumb Code     0  startup_stm32f407xx.o(.text)
    DMA2_Stream5_IRQHandler                  0x080001b7   Thumb Code     0  startup_stm32f407xx.o(.text)
    DMA2_Stream7_IRQHandler                  0x080001b7   Thumb Code     0  startup_stm32f407xx.o(.text)
    ETH_IRQHandler                           0x080001b7   Thumb Code     0  startup_stm32f407xx.o(.text)
    ETH_WKUP_IRQHandler                      0x080001b7   Thumb Code     0  startup_stm32f407xx.o(.text)
    EXTI0_IRQHandler                         0x080001b7   Thumb Code     0  startup_stm32f407xx.o(.text)
    EXTI15_10_IRQHandler                     0x080001b7   Thumb Code     0  startup_stm32f407xx.o(.text)
    EXTI1_IRQHandler                         0x080001b7   Thumb Code     0  startup_stm32f407xx.o(.text)
    EXTI2_IRQHandler                         0x080001b7   Thumb Code     0  startup_stm32f407xx.o(.text)
    EXTI3_IRQHandler                         0x080001b7   Thumb Code     0  startup_stm32f407xx.o(.text)
    EXTI4_IRQHandler                         0x080001b7   Thumb Code     0  startup_stm32f407xx.o(.text)
    EXTI9_5_IRQHandler                       0x080001b7   Thumb Code     0  startup_stm32f407xx.o(.text)
    FLASH_IRQHandler                         0x080001b7   Thumb Code     0  startup_stm32f407xx.o(.text)
    FMC_IRQHandler                           0x080001b7   Thumb Code     0  startup_stm32f407xx.o(.text)
    FPU_IRQHandler                           0x080001b7   Thumb Code     0  startup_stm32f407xx.o(.text)
    HASH_RNG_IRQHandler                      0x080001b7   Thumb Code     0  startup_stm32f407xx.o(.text)
    I2C1_ER_IRQHandler                       0x080001b7   Thumb Code     0  startup_stm32f407xx.o(.text)
    I2C1_EV_IRQHandler                       0x080001b7   Thumb Code     0  startup_stm32f407xx.o(.text)
    I2C2_ER_IRQHandler                       0x080001b7   Thumb Code     0  startup_stm32f407xx.o(.text)
    I2C2_EV_IRQHandler                       0x080001b7   Thumb Code     0  startup_stm32f407xx.o(.text)
    I2C3_ER_IRQHandler                       0x080001b7   Thumb Code     0  startup_stm32f407xx.o(.text)
    I2C3_EV_IRQHandler                       0x080001b7   Thumb Code     0  startup_stm32f407xx.o(.text)
    OTG_FS_WKUP_IRQHandler                   0x080001b7   Thumb Code     0  startup_stm32f407xx.o(.text)
    OTG_HS_EP1_IN_IRQHandler                 0x080001b7   Thumb Code     0  startup_stm32f407xx.o(.text)
    OTG_HS_EP1_OUT_IRQHandler                0x080001b7   Thumb Code     0  startup_stm32f407xx.o(.text)
    OTG_HS_IRQHandler                        0x080001b7   Thumb Code     0  startup_stm32f407xx.o(.text)
    OTG_HS_WKUP_IRQHandler                   0x080001b7   Thumb Code     0  startup_stm32f407xx.o(.text)
    PVD_IRQHandler                           0x080001b7   Thumb Code     0  startup_stm32f407xx.o(.text)
    RCC_IRQHandler                           0x080001b7   Thumb Code     0  startup_stm32f407xx.o(.text)
    RTC_Alarm_IRQHandler                     0x080001b7   Thumb Code     0  startup_stm32f407xx.o(.text)
    RTC_WKUP_IRQHandler                      0x080001b7   Thumb Code     0  startup_stm32f407xx.o(.text)
    SPI1_IRQHandler                          0x080001b7   Thumb Code     0  startup_stm32f407xx.o(.text)
    SPI2_IRQHandler                          0x080001b7   Thumb Code     0  startup_stm32f407xx.o(.text)
    SPI3_IRQHandler                          0x080001b7   Thumb Code     0  startup_stm32f407xx.o(.text)
    TAMP_STAMP_IRQHandler                    0x080001b7   Thumb Code     0  startup_stm32f407xx.o(.text)
    TIM1_BRK_TIM9_IRQHandler                 0x080001b7   Thumb Code     0  startup_stm32f407xx.o(.text)
    TIM1_CC_IRQHandler                       0x080001b7   Thumb Code     0  startup_stm32f407xx.o(.text)
    TIM1_TRG_COM_TIM11_IRQHandler            0x080001b7   Thumb Code     0  startup_stm32f407xx.o(.text)
    TIM1_UP_TIM10_IRQHandler                 0x080001b7   Thumb Code     0  startup_stm32f407xx.o(.text)
    TIM2_IRQHandler                          0x080001b7   Thumb Code     0  startup_stm32f407xx.o(.text)
    TIM3_IRQHandler                          0x080001b7   Thumb Code     0  startup_stm32f407xx.o(.text)
    TIM4_IRQHandler                          0x080001b7   Thumb Code     0  startup_stm32f407xx.o(.text)
    TIM5_IRQHandler                          0x080001b7   Thumb Code     0  startup_stm32f407xx.o(.text)
    TIM6_DAC_IRQHandler                      0x080001b7   Thumb Code     0  startup_stm32f407xx.o(.text)
    TIM7_IRQHandler                          0x080001b7   Thumb Code     0  startup_stm32f407xx.o(.text)
    TIM8_BRK_TIM12_IRQHandler                0x080001b7   Thumb Code     0  startup_stm32f407xx.o(.text)
    TIM8_CC_IRQHandler                       0x080001b7   Thumb Code     0  startup_stm32f407xx.o(.text)
    TIM8_TRG_COM_TIM14_IRQHandler            0x080001b7   Thumb Code     0  startup_stm32f407xx.o(.text)
    TIM8_UP_TIM13_IRQHandler                 0x080001b7   Thumb Code     0  startup_stm32f407xx.o(.text)
    UART4_IRQHandler                         0x080001b7   Thumb Code     0  startup_stm32f407xx.o(.text)
    UART5_IRQHandler                         0x080001b7   Thumb Code     0  startup_stm32f407xx.o(.text)
    USART1_IRQHandler                        0x080001b7   Thumb Code     0  startup_stm32f407xx.o(.text)
    WWDG_IRQHandler                          0x080001b7   Thumb Code     0  startup_stm32f407xx.o(.text)
    __aeabi_uldivmod                         0x080001c1   Thumb Code    98  uldiv.o(.text)
    __aeabi_memcpy                           0x08000223   Thumb Code    36  memcpya.o(.text)
    __aeabi_memcpy4                          0x08000223   Thumb Code     0  memcpya.o(.text)
    __aeabi_memcpy8                          0x08000223   Thumb Code     0  memcpya.o(.text)
    __aeabi_memset                           0x08000247   Thumb Code    14  memseta.o(.text)
    __aeabi_memset4                          0x08000247   Thumb Code     0  memseta.o(.text)
    __aeabi_memset8                          0x08000247   Thumb Code     0  memseta.o(.text)
    __aeabi_memclr                           0x08000255   Thumb Code     4  memseta.o(.text)
    __aeabi_memclr4                          0x08000255   Thumb Code     0  memseta.o(.text)
    __aeabi_memclr8                          0x08000255   Thumb Code     0  memseta.o(.text)
    _memset$wrapper                          0x08000259   Thumb Code    18  memseta.o(.text)
    strlen                                   0x0800026b   Thumb Code    14  strlen.o(.text)
    strcmp                                   0x08000279   Thumb Code    28  strcmp.o(.text)
    strcpy                                   0x08000295   Thumb Code    18  strcpy.o(.text)
    __aeabi_llsl                             0x080002a7   Thumb Code    30  llshl.o(.text)
    _ll_shift_l                              0x080002a7   Thumb Code     0  llshl.o(.text)
    __aeabi_llsr                             0x080002c5   Thumb Code    32  llushr.o(.text)
    _ll_ushift_r                             0x080002c5   Thumb Code     0  llushr.o(.text)
    __scatterload                            0x080002e5   Thumb Code    28  init.o(.text)
    __scatterload_rt2                        0x080002e5   Thumb Code     0  init.o(.text)
    __decompress                             0x08000309   Thumb Code     0  __dclz77c.o(.text)
    __decompress2                            0x08000309   Thumb Code    94  __dclz77c.o(.text)
    ALLISON_init                             0x08000369   Thumb Code    96  funciones.o(i.ALLISON_init)
    BSP_PlatformIsDetected                   0x080003cd   Thumb Code    20  fatfs_platform.o(i.BSP_PlatformIsDetected)
    BSP_SD_AbortCallback                     0x080003e5   Thumb Code     2  bsp_driver_sd.o(i.BSP_SD_AbortCallback)
    BSP_SD_GetCardInfo                       0x080003e9   Thumb Code     8  bsp_driver_sd.o(i.BSP_SD_GetCardInfo)
    BSP_SD_GetCardState                      0x080003f5   Thumb Code    20  bsp_driver_sd.o(i.BSP_SD_GetCardState)
    BSP_SD_Init                              0x0800040d   Thumb Code    42  bsp_driver_sd.o(i.BSP_SD_Init)
    BSP_SD_IsDetected                        0x0800043d   Thumb Code    26  bsp_driver_sd.o(i.BSP_SD_IsDetected)
    BSP_SD_ReadBlocks                        0x08000459   Thumb Code    26  bsp_driver_sd.o(i.BSP_SD_ReadBlocks)
    BSP_SD_ReadCpltCallback                  0x08000479   Thumb Code     2  bsp_driver_sd.o(i.BSP_SD_ReadCpltCallback)
    BSP_SD_WriteBlocks                       0x0800047d   Thumb Code    26  bsp_driver_sd.o(i.BSP_SD_WriteBlocks)
    BSP_SD_WriteCpltCallback                 0x0800049d   Thumb Code     2  bsp_driver_sd.o(i.BSP_SD_WriteCpltCallback)
    BusFault_Handler                         0x0800049f   Thumb Code     2  stm32f4xx_it.o(i.BusFault_Handler)
    CC32_Selftest                            0x080004a1   Thumb Code   330  selftest.o(i.CC32_Selftest)
    CDC_Transmit_FS                          0x08000689   Thumb Code    52  usbd_cdc_if.o(i.CDC_Transmit_FS)
    DMA2_Stream3_IRQHandler                  0x080006c5   Thumb Code     6  stm32f4xx_it.o(i.DMA2_Stream3_IRQHandler)
    DMA2_Stream6_IRQHandler                  0x080006d1   Thumb Code     6  stm32f4xx_it.o(i.DMA2_Stream6_IRQHandler)
    DebugMon_Handler                         0x08000759   Thumb Code     2  stm32f4xx_it.o(i.DebugMon_Handler)
    Error_Handler                            0x0800075b   Thumb Code     4  main.o(i.Error_Handler)
    FATFS_LinkDriver                         0x0800075f   Thumb Code     6  ff_gen_drv.o(i.FATFS_LinkDriver)
    FATFS_LinkDriverEx                       0x08000765   Thumb Code    58  ff_gen_drv.o(i.FATFS_LinkDriverEx)
    HAL_DMA_Abort                            0x080007a5   Thumb Code   142  stm32f4xx_hal_dma.o(i.HAL_DMA_Abort)
    HAL_DMA_Abort_IT                         0x08000833   Thumb Code    36  stm32f4xx_hal_dma.o(i.HAL_DMA_Abort_IT)
    HAL_DMA_IRQHandler                       0x08000859   Thumb Code   412  stm32f4xx_hal_dma.o(i.HAL_DMA_IRQHandler)
    HAL_DMA_Init                             0x080009f9   Thumb Code   206  stm32f4xx_hal_dma.o(i.HAL_DMA_Init)
    HAL_Delay                                0x08000acd   Thumb Code    32  stm32f4xx_hal.o(i.HAL_Delay)
    HAL_GPIO_Init                            0x08000af1   Thumb Code   416  stm32f4xx_hal_gpio.o(i.HAL_GPIO_Init)
    HAL_GPIO_ReadPin                         0x08000cbd   Thumb Code    10  stm32f4xx_hal_gpio.o(i.HAL_GPIO_ReadPin)
    HAL_GPIO_WritePin                        0x08000cc7   Thumb Code    10  stm32f4xx_hal_gpio.o(i.HAL_GPIO_WritePin)
    HAL_GetTick                              0x08000cd1   Thumb Code     6  stm32f4xx_hal.o(i.HAL_GetTick)
    HAL_IncTick                              0x08000cdd   Thumb Code    12  stm32f4xx_hal.o(i.HAL_IncTick)
    HAL_Init                                 0x08000ced   Thumb Code    48  stm32f4xx_hal.o(i.HAL_Init)
    HAL_InitTick                             0x08000d21   Thumb Code    54  stm32f4xx_hal.o(i.HAL_InitTick)
    HAL_MspInit                              0x08000d61   Thumb Code    42  stm32f4xx_hal_msp.o(i.HAL_MspInit)
    HAL_NVIC_EnableIRQ                       0x08000d91   Thumb Code    26  stm32f4xx_hal_cortex.o(i.HAL_NVIC_EnableIRQ)
    HAL_NVIC_SetPriority                     0x08000dad   Thumb Code    60  stm32f4xx_hal_cortex.o(i.HAL_NVIC_SetPriority)
    HAL_NVIC_SetPriorityGrouping             0x08000ded   Thumb Code    26  stm32f4xx_hal_cortex.o(i.HAL_NVIC_SetPriorityGrouping)
    HAL_PCDEx_LPM_Callback                   0x08000e11   Thumb Code     2  stm32f4xx_hal_pcd_ex.o(i.HAL_PCDEx_LPM_Callback)
    HAL_PCDEx_SetRxFiFo                      0x08000e13   Thumb Code     8  stm32f4xx_hal_pcd_ex.o(i.HAL_PCDEx_SetRxFiFo)
    HAL_PCDEx_SetTxFiFo                      0x08000e1b   Thumb Code    68  stm32f4xx_hal_pcd_ex.o(i.HAL_PCDEx_SetTxFiFo)
    HAL_PCD_ConnectCallback                  0x08000e5f   Thumb Code     8  usbd_conf.o(i.HAL_PCD_ConnectCallback)
    HAL_PCD_DataInStageCallback              0x08000e67   Thumb Code    18  usbd_conf.o(i.HAL_PCD_DataInStageCallback)
    HAL_PCD_DataOutStageCallback             0x08000e79   Thumb Code    20  usbd_conf.o(i.HAL_PCD_DataOutStageCallback)
    HAL_PCD_DisconnectCallback               0x08000e8d   Thumb Code     8  usbd_conf.o(i.HAL_PCD_DisconnectCallback)
    HAL_PCD_EP_Close                         0x08000e95   Thumb Code    76  stm32f4xx_hal_pcd.o(i.HAL_PCD_EP_Close)
    HAL_PCD_EP_ClrStall                      0x08000ee1   Thumb Code    92  stm32f4xx_hal_pcd.o(i.HAL_PCD_EP_ClrStall)
    HAL_PCD_EP_GetRxCount                    0x08000f3d   Thumb Code    18  stm32f4xx_hal_pcd.o(i.HAL_PCD_EP_GetRxCount)
    HAL_PCD_EP_Open                          0x08000f4f   Thumb Code    96  stm32f4xx_hal_pcd.o(i.HAL_PCD_EP_Open)
    HAL_PCD_EP_Receive                       0x08000faf   Thumb Code    72  stm32f4xx_hal_pcd.o(i.HAL_PCD_EP_Receive)
    HAL_PCD_EP_SetStall                      0x08000ff7   Thumb Code   116  stm32f4xx_hal_pcd.o(i.HAL_PCD_EP_SetStall)
    HAL_PCD_EP_Transmit                      0x0800106b   Thumb Code    64  stm32f4xx_hal_pcd.o(i.HAL_PCD_EP_Transmit)
    HAL_PCD_IRQHandler                       0x080010ad   Thumb Code  1062  stm32f4xx_hal_pcd.o(i.HAL_PCD_IRQHandler)
    HAL_PCD_ISOINIncompleteCallback          0x080014d9   Thumb Code     8  usbd_conf.o(i.HAL_PCD_ISOINIncompleteCallback)
    HAL_PCD_ISOOUTIncompleteCallback         0x080014e1   Thumb Code     8  usbd_conf.o(i.HAL_PCD_ISOOUTIncompleteCallback)
    HAL_PCD_Init                             0x080014e9   Thumb Code   226  stm32f4xx_hal_pcd.o(i.HAL_PCD_Init)
    HAL_PCD_MspInit                          0x080015cd   Thumb Code   122  usbd_conf.o(i.HAL_PCD_MspInit)
    HAL_PCD_ResetCallback                    0x08001651   Thumb Code    44  usbd_conf.o(i.HAL_PCD_ResetCallback)
    HAL_PCD_ResumeCallback                   0x0800167d   Thumb Code     8  usbd_conf.o(i.HAL_PCD_ResumeCallback)
    HAL_PCD_SOFCallback                      0x08001685   Thumb Code     8  usbd_conf.o(i.HAL_PCD_SOFCallback)
    HAL_PCD_SetAddress                       0x0800168d   Thumb Code    40  stm32f4xx_hal_pcd.o(i.HAL_PCD_SetAddress)
    HAL_PCD_SetupStageCallback               0x080016b5   Thumb Code    14  usbd_conf.o(i.HAL_PCD_SetupStageCallback)
    HAL_PCD_Start                            0x080016c3   Thumb Code    66  stm32f4xx_hal_pcd.o(i.HAL_PCD_Start)
    HAL_PCD_SuspendCallback                  0x08001705   Thumb Code    44  usbd_conf.o(i.HAL_PCD_SuspendCallback)
    HAL_RCCEx_PeriphCLKConfig                0x08001735   Thumb Code   294  stm32f4xx_hal_rcc_ex.o(i.HAL_RCCEx_PeriphCLKConfig)
    HAL_RCC_ClockConfig                      0x08001871   Thumb Code   288  stm32f4xx_hal_rcc.o(i.HAL_RCC_ClockConfig)
    HAL_RCC_GetHCLKFreq                      0x080019a5   Thumb Code     6  stm32f4xx_hal_rcc.o(i.HAL_RCC_GetHCLKFreq)
    HAL_RCC_GetPCLK1Freq                     0x080019b1   Thumb Code    20  stm32f4xx_hal_rcc.o(i.HAL_RCC_GetPCLK1Freq)
    HAL_RCC_GetPCLK2Freq                     0x080019d1   Thumb Code    20  stm32f4xx_hal_rcc.o(i.HAL_RCC_GetPCLK2Freq)
    HAL_RCC_GetSysClockFreq                  0x080019f1   Thumb Code    88  stm32f4xx_hal_rcc.o(i.HAL_RCC_GetSysClockFreq)
    HAL_RCC_OscConfig                        0x08001a55   Thumb Code   836  stm32f4xx_hal_rcc.o(i.HAL_RCC_OscConfig)
    HAL_RTC_Init                             0x08001dad   Thumb Code   166  stm32f4xx_hal_rtc.o(i.HAL_RTC_Init)
    HAL_RTC_MspInit                          0x08001e59   Thumb Code    16  stm32f4xx_hal_msp.o(i.HAL_RTC_MspInit)
    HAL_RTC_SetAlarm                         0x08001e71   Thumb Code   334  stm32f4xx_hal_rtc.o(i.HAL_RTC_SetAlarm)
    HAL_RTC_SetDate                          0x08001fc1   Thumb Code   194  stm32f4xx_hal_rtc.o(i.HAL_RTC_SetDate)
    HAL_RTC_SetTime                          0x08002089   Thumb Code   230  stm32f4xx_hal_rtc.o(i.HAL_RTC_SetTime)
    HAL_RTC_WaitForSynchro                   0x08002175   Thumb Code    52  stm32f4xx_hal_rtc.o(i.HAL_RTC_WaitForSynchro)
    HAL_SD_AbortCallback                     0x080021a9   Thumb Code     8  bsp_driver_sd.o(i.HAL_SD_AbortCallback)
    HAL_SD_ConfigWideBusOperation            0x080021b1   Thumb Code   276  stm32f4xx_hal_sd.o(i.HAL_SD_ConfigWideBusOperation)
    HAL_SD_ErrorCallback                     0x080022c9   Thumb Code     2  stm32f4xx_hal_sd.o(i.HAL_SD_ErrorCallback)
    HAL_SD_GetCardCSD                        0x080022cd   Thumb Code   402  stm32f4xx_hal_sd.o(i.HAL_SD_GetCardCSD)
    HAL_SD_GetCardInfo                       0x08002465   Thumb Code    36  stm32f4xx_hal_sd.o(i.HAL_SD_GetCardInfo)
    HAL_SD_GetCardState                      0x08002489   Thumb Code    50  stm32f4xx_hal_sd.o(i.HAL_SD_GetCardState)
    HAL_SD_IRQHandler                        0x080024bd   Thumb Code   510  stm32f4xx_hal_sd.o(i.HAL_SD_IRQHandler)
    HAL_SD_Init                              0x080026c5   Thumb Code    54  stm32f4xx_hal_sd.o(i.HAL_SD_Init)
    HAL_SD_InitCard                          0x080026fd   Thumb Code   108  stm32f4xx_hal_sd.o(i.HAL_SD_InitCard)
    HAL_SD_MspInit                           0x08002771   Thumb Code   328  stm32f4xx_hal_msp.o(i.HAL_SD_MspInit)
    HAL_SD_ReadBlocks                        0x080028d5   Thumb Code   470  stm32f4xx_hal_sd.o(i.HAL_SD_ReadBlocks)
    HAL_SD_RxCpltCallback                    0x08002ab1   Thumb Code     8  bsp_driver_sd.o(i.HAL_SD_RxCpltCallback)
    HAL_SD_TxCpltCallback                    0x08002ab9   Thumb Code     8  bsp_driver_sd.o(i.HAL_SD_TxCpltCallback)
    HAL_SD_WriteBlocks                       0x08002ac1   Thumb Code   420  stm32f4xx_hal_sd.o(i.HAL_SD_WriteBlocks)
    HAL_SPI_Init                             0x08002c69   Thumb Code   188  stm32f4xx_hal_spi.o(i.HAL_SPI_Init)
    HAL_SPI_MspInit                          0x08002d25   Thumb Code    92  stm32f4xx_hal_msp.o(i.HAL_SPI_MspInit)
    HAL_SPI_Receive                          0x08002d8d   Thumb Code   340  stm32f4xx_hal_spi.o(i.HAL_SPI_Receive)
    HAL_SPI_Transmit                         0x08002ee1   Thumb Code   362  stm32f4xx_hal_spi.o(i.HAL_SPI_Transmit)
    HAL_SPI_TransmitReceive                  0x0800304b   Thumb Code   474  stm32f4xx_hal_spi.o(i.HAL_SPI_TransmitReceive)
    HAL_SYSTICK_Config                       0x08003225   Thumb Code    40  stm32f4xx_hal_cortex.o(i.HAL_SYSTICK_Config)
    HAL_UARTEx_RxEventCallback               0x0800324d   Thumb Code     2  stm32f4xx_hal_uart.o(i.HAL_UARTEx_RxEventCallback)
    HAL_UART_ErrorCallback                   0x0800324f   Thumb Code     2  stm32f4xx_hal_uart.o(i.HAL_UART_ErrorCallback)
    HAL_UART_IRQHandler                      0x08003251   Thumb Code   522  stm32f4xx_hal_uart.o(i.HAL_UART_IRQHandler)
    HAL_UART_Init                            0x08003461   Thumb Code    98  stm32f4xx_hal_uart.o(i.HAL_UART_Init)
    HAL_UART_MspInit                         0x080034c5   Thumb Code   328  stm32f4xx_hal_msp.o(i.HAL_UART_MspInit)
    HAL_UART_Receive_IT                      0x08003631   Thumb Code    42  stm32f4xx_hal_uart.o(i.HAL_UART_Receive_IT)
    HAL_UART_RxCpltCallback                  0x0800365b   Thumb Code     2  stm32f4xx_hal_uart.o(i.HAL_UART_RxCpltCallback)
    HAL_UART_Transmit                        0x0800365d   Thumb Code   176  stm32f4xx_hal_uart.o(i.HAL_UART_Transmit)
    HAL_UART_Transmit_IT                     0x0800370d   Thumb Code    62  stm32f4xx_hal_uart.o(i.HAL_UART_Transmit_IT)
    HAL_UART_TxCpltCallback                  0x0800374b   Thumb Code     2  stm32f4xx_hal_uart.o(i.HAL_UART_TxCpltCallback)
    HardFault_Handler                        0x0800374d   Thumb Code     2  stm32f4xx_it.o(i.HardFault_Handler)
    MX_FATFS_Init                            0x08003785   Thumb Code    18  fatfs.o(i.MX_FATFS_Init)
    MX_USB_DEVICE_Init                       0x08003ca5   Thumb Code    66  usb_device.o(i.MX_USB_DEVICE_Init)
    MemManage_Handler                        0x08003cf9   Thumb Code     2  stm32f4xx_it.o(i.MemManage_Handler)
    NMI_Handler                              0x08003cfb   Thumb Code     2  stm32f4xx_it.o(i.NMI_Handler)
    OTG_FS_IRQHandler                        0x08003cfd   Thumb Code     6  stm32f4xx_it.o(i.OTG_FS_IRQHandler)
    PendSV_Handler                           0x08003e6d   Thumb Code     2  stm32f4xx_it.o(i.PendSV_Handler)
    RTC_ByteToBcd2                           0x08003e6f   Thumb Code    22  stm32f4xx_hal_rtc.o(i.RTC_ByteToBcd2)
    RTC_EnterInitMode                        0x08003e85   Thumb Code    56  stm32f4xx_hal_rtc.o(i.RTC_EnterInitMode)
    SDIO_ConfigData                          0x08003ebd   Thumb Code    36  stm32f4xx_ll_sdmmc.o(i.SDIO_ConfigData)
    SDIO_GetPowerState                       0x08003ee1   Thumb Code     8  stm32f4xx_ll_sdmmc.o(i.SDIO_GetPowerState)
    SDIO_GetResponse                         0x08003ee9   Thumb Code     6  stm32f4xx_ll_sdmmc.o(i.SDIO_GetResponse)
    SDIO_IRQHandler                          0x08003ef1   Thumb Code     6  stm32f4xx_it.o(i.SDIO_IRQHandler)
    SDIO_Init                                0x08003efd   Thumb Code    36  stm32f4xx_ll_sdmmc.o(i.SDIO_Init)
    SDIO_PowerState_ON                       0x08003f21   Thumb Code    16  stm32f4xx_ll_sdmmc.o(i.SDIO_PowerState_ON)
    SDIO_ReadFIFO                            0x08003f31   Thumb Code     6  stm32f4xx_ll_sdmmc.o(i.SDIO_ReadFIFO)
    SDIO_SendCommand                         0x08003f37   Thumb Code    32  stm32f4xx_ll_sdmmc.o(i.SDIO_SendCommand)
    SDIO_WriteFIFO                           0x08003f57   Thumb Code    10  stm32f4xx_ll_sdmmc.o(i.SDIO_WriteFIFO)
    SDMMC_CmdAppCommand                      0x08003f61   Thumb Code    48  stm32f4xx_ll_sdmmc.o(i.SDMMC_CmdAppCommand)
    SDMMC_CmdAppOperCommand                  0x08003f91   Thumb Code    46  stm32f4xx_ll_sdmmc.o(i.SDMMC_CmdAppOperCommand)
    SDMMC_CmdBlockLength                     0x08003fc5   Thumb Code    48  stm32f4xx_ll_sdmmc.o(i.SDMMC_CmdBlockLength)
    SDMMC_CmdBusWidth                        0x08003ff5   Thumb Code    48  stm32f4xx_ll_sdmmc.o(i.SDMMC_CmdBusWidth)
    SDMMC_CmdGoIdleState                     0x08004025   Thumb Code    74  stm32f4xx_ll_sdmmc.o(i.SDMMC_CmdGoIdleState)
    SDMMC_CmdOperCond                        0x08004075   Thumb Code   112  stm32f4xx_ll_sdmmc.o(i.SDMMC_CmdOperCond)
    SDMMC_CmdReadMultiBlock                  0x080040e9   Thumb Code    48  stm32f4xx_ll_sdmmc.o(i.SDMMC_CmdReadMultiBlock)
    SDMMC_CmdReadSingleBlock                 0x08004119   Thumb Code    48  stm32f4xx_ll_sdmmc.o(i.SDMMC_CmdReadSingleBlock)
    SDMMC_CmdSelDesel                        0x08004149   Thumb Code    50  stm32f4xx_ll_sdmmc.o(i.SDMMC_CmdSelDesel)
    SDMMC_CmdSendCID                         0x0800417b   Thumb Code    42  stm32f4xx_ll_sdmmc.o(i.SDMMC_CmdSendCID)
    SDMMC_CmdSendCSD                         0x080041a5   Thumb Code    44  stm32f4xx_ll_sdmmc.o(i.SDMMC_CmdSendCSD)
    SDMMC_CmdSendSCR                         0x080041d1   Thumb Code    48  stm32f4xx_ll_sdmmc.o(i.SDMMC_CmdSendSCR)
    SDMMC_CmdSendStatus                      0x08004201   Thumb Code    48  stm32f4xx_ll_sdmmc.o(i.SDMMC_CmdSendStatus)
    SDMMC_CmdSetRelAdd                       0x08004231   Thumb Code    48  stm32f4xx_ll_sdmmc.o(i.SDMMC_CmdSetRelAdd)
    SDMMC_CmdStopTransfer                    0x08004261   Thumb Code    46  stm32f4xx_ll_sdmmc.o(i.SDMMC_CmdStopTransfer)
    SDMMC_CmdWriteMultiBlock                 0x08004295   Thumb Code    48  stm32f4xx_ll_sdmmc.o(i.SDMMC_CmdWriteMultiBlock)
    SDMMC_CmdWriteSingleBlock                0x080042c5   Thumb Code    48  stm32f4xx_ll_sdmmc.o(i.SDMMC_CmdWriteSingleBlock)
    SD_initialize                            0x0800484d   Thumb Code    28  sd_diskio.o(i.SD_initialize)
    SD_ioctl                                 0x0800486d   Thumb Code    76  sd_diskio.o(i.SD_ioctl)
    SD_read                                  0x080048bd   Thumb Code    36  sd_diskio.o(i.SD_read)
    SD_status                                0x080048e1   Thumb Code     4  sd_diskio.o(i.SD_status)
    SD_write                                 0x080048e5   Thumb Code    36  sd_diskio.o(i.SD_write)
    SVC_Handler                              0x08004a75   Thumb Code     2  stm32f4xx_it.o(i.SVC_Handler)
    SysTick_Handler                          0x08004a81   Thumb Code     4  stm32f4xx_it.o(i.SysTick_Handler)
    SystemClock_Config                       0x08004a85   Thumb Code   178  main.o(i.SystemClock_Config)
    SystemInit                               0x08004b41   Thumb Code    12  system_stm32f4xx.o(i.SystemInit)
    UART_Display                             0x08004b61   Thumb Code    88  funciones.o(i.UART_Display)
    UART_Start_Receive_IT                    0x08004db5   Thumb Code    54  stm32f4xx_hal_uart.o(i.UART_Start_Receive_IT)
    USART2_IRQHandler                        0x08004e4d   Thumb Code     6  stm32f4xx_it.o(i.USART2_IRQHandler)
    USART3_IRQHandler                        0x08004e59   Thumb Code     6  stm32f4xx_it.o(i.USART3_IRQHandler)
    USART6_IRQHandler                        0x08004e65   Thumb Code     6  stm32f4xx_it.o(i.USART6_IRQHandler)
    USBD_CDC_GetDeviceQualifierDescriptor    0x08004f75   Thumb Code     8  usbd_cdc.o(i.USBD_CDC_GetDeviceQualifierDescriptor)
    USBD_CDC_ReceivePacket                   0x08005047   Thumb Code    40  usbd_cdc.o(i.USBD_CDC_ReceivePacket)
    USBD_CDC_RegisterInterface               0x0800506f   Thumb Code    14  usbd_cdc.o(i.USBD_CDC_RegisterInterface)
    USBD_CDC_SetRxBuffer                     0x0800507d   Thumb Code    18  usbd_cdc.o(i.USBD_CDC_SetRxBuffer)
    USBD_CDC_SetTxBuffer                     0x0800508f   Thumb Code    22  usbd_cdc.o(i.USBD_CDC_SetTxBuffer)
    USBD_CDC_TransmitPacket                  0x08005163   Thumb Code    54  usbd_cdc.o(i.USBD_CDC_TransmitPacket)
    USBD_ClrClassConfig                      0x08005199   Thumb Code    16  usbd_core.o(i.USBD_ClrClassConfig)
    USBD_CtlContinueRx                       0x080051a9   Thumb Code    16  usbd_ioreq.o(i.USBD_CtlContinueRx)
    USBD_CtlContinueSendData                 0x080051b9   Thumb Code    16  usbd_ioreq.o(i.USBD_CtlContinueSendData)
    USBD_CtlError                            0x080051c9   Thumb Code    22  usbd_ctlreq.o(i.USBD_CtlError)
    USBD_CtlPrepareRx                        0x080051df   Thumb Code    30  usbd_ioreq.o(i.USBD_CtlPrepareRx)
    USBD_CtlReceiveStatus                    0x080051fd   Thumb Code    22  usbd_ioreq.o(i.USBD_CtlReceiveStatus)
    USBD_CtlSendData                         0x08005213   Thumb Code    26  usbd_ioreq.o(i.USBD_CtlSendData)
    USBD_CtlSendStatus                       0x0800522d   Thumb Code    22  usbd_ioreq.o(i.USBD_CtlSendStatus)
    USBD_FS_ConfigStrDescriptor              0x08005245   Thumb Code    16  usbd_desc.o(i.USBD_FS_ConfigStrDescriptor)
    USBD_FS_DeviceDescriptor                 0x08005265   Thumb Code     8  usbd_desc.o(i.USBD_FS_DeviceDescriptor)
    USBD_FS_InterfaceStrDescriptor           0x08005271   Thumb Code    16  usbd_desc.o(i.USBD_FS_InterfaceStrDescriptor)
    USBD_FS_LangIDStrDescriptor              0x08005295   Thumb Code     8  usbd_desc.o(i.USBD_FS_LangIDStrDescriptor)
    USBD_FS_ManufacturerStrDescriptor        0x080052a1   Thumb Code    16  usbd_desc.o(i.USBD_FS_ManufacturerStrDescriptor)
    USBD_FS_ProductStrDescriptor             0x080052c5   Thumb Code    16  usbd_desc.o(i.USBD_FS_ProductStrDescriptor)
    USBD_FS_SerialStrDescriptor              0x080052f5   Thumb Code    48  usbd_desc.o(i.USBD_FS_SerialStrDescriptor)
    USBD_GetString                           0x08005413   Thumb Code    72  usbd_ctlreq.o(i.USBD_GetString)
    USBD_Get_USB_Status                      0x0800545b   Thumb Code    24  usbd_conf.o(i.USBD_Get_USB_Status)
    USBD_Init                                0x08005473   Thumb Code    38  usbd_core.o(i.USBD_Init)
    USBD_LL_ClearStallEP                     0x08005499   Thumb Code    18  usbd_conf.o(i.USBD_LL_ClearStallEP)
    USBD_LL_CloseEP                          0x080054ab   Thumb Code    18  usbd_conf.o(i.USBD_LL_CloseEP)
    USBD_LL_DataInStage                      0x080054bd   Thumb Code   168  usbd_core.o(i.USBD_LL_DataInStage)
    USBD_LL_DataOutStage                     0x08005565   Thumb Code   108  usbd_core.o(i.USBD_LL_DataOutStage)
    USBD_LL_DevConnected                     0x080055d1   Thumb Code     4  usbd_core.o(i.USBD_LL_DevConnected)
    USBD_LL_DevDisconnected                  0x080055d5   Thumb Code    24  usbd_core.o(i.USBD_LL_DevDisconnected)
    USBD_LL_GetRxDataSize                    0x080055ed   Thumb Code     8  usbd_conf.o(i.USBD_LL_GetRxDataSize)
    USBD_LL_Init                             0x080055f5   Thumb Code    90  usbd_conf.o(i.USBD_LL_Init)
    USBD_LL_IsStallEP                        0x08005655   Thumb Code    32  usbd_conf.o(i.USBD_LL_IsStallEP)
    USBD_LL_IsoINIncomplete                  0x08005675   Thumb Code    32  usbd_core.o(i.USBD_LL_IsoINIncomplete)
    USBD_LL_IsoOUTIncomplete                 0x08005695   Thumb Code    32  usbd_core.o(i.USBD_LL_IsoOUTIncomplete)
    USBD_LL_OpenEP                           0x080056b5   Thumb Code    24  usbd_conf.o(i.USBD_LL_OpenEP)
    USBD_LL_PrepareReceive                   0x080056cd   Thumb Code    18  usbd_conf.o(i.USBD_LL_PrepareReceive)
    USBD_LL_Reset                            0x080056df   Thumb Code    90  usbd_core.o(i.USBD_LL_Reset)
    USBD_LL_Resume                           0x08005739   Thumb Code    20  usbd_core.o(i.USBD_LL_Resume)
    USBD_LL_SOF                              0x0800574d   Thumb Code    32  usbd_core.o(i.USBD_LL_SOF)
    USBD_LL_SetSpeed                         0x0800576d   Thumb Code     6  usbd_core.o(i.USBD_LL_SetSpeed)
    USBD_LL_SetUSBAddress                    0x08005773   Thumb Code    18  usbd_conf.o(i.USBD_LL_SetUSBAddress)
    USBD_LL_SetupStage                       0x08005785   Thumb Code    96  usbd_core.o(i.USBD_LL_SetupStage)
    USBD_LL_StallEP                          0x080057e5   Thumb Code    18  usbd_conf.o(i.USBD_LL_StallEP)
    USBD_LL_Start                            0x080057f7   Thumb Code    18  usbd_conf.o(i.USBD_LL_Start)
    USBD_LL_Suspend                          0x08005809   Thumb Code    18  usbd_core.o(i.USBD_LL_Suspend)
    USBD_LL_Transmit                         0x0800581b   Thumb Code    18  usbd_conf.o(i.USBD_LL_Transmit)
    USBD_ParseSetupRequest                   0x0800582d   Thumb Code    48  usbd_ctlreq.o(i.USBD_ParseSetupRequest)
    USBD_RegisterClass                       0x0800585d   Thumb Code    36  usbd_core.o(i.USBD_RegisterClass)
    USBD_SetClassConfig                      0x08005881   Thumb Code    20  usbd_core.o(i.USBD_SetClassConfig)
    USBD_Start                               0x08005951   Thumb Code     4  usbd_core.o(i.USBD_Start)
    USBD_StdDevReq                           0x08005955   Thumb Code   276  usbd_ctlreq.o(i.USBD_StdDevReq)
    USBD_StdEPReq                            0x08005a69   Thumb Code   320  usbd_ctlreq.o(i.USBD_StdEPReq)
    USBD_StdItfReq                           0x08005ba9   Thumb Code    82  usbd_ctlreq.o(i.USBD_StdItfReq)
    USBD_static_free                         0x08005bfb   Thumb Code     2  usbd_conf.o(i.USBD_static_free)
    USBD_static_malloc                       0x08005bfd   Thumb Code     4  usbd_conf.o(i.USBD_static_malloc)
    USB_ActivateEndpoint                     0x08005c05   Thumb Code   122  stm32f4xx_ll_usb.o(i.USB_ActivateEndpoint)
    USB_ActivateSetup                        0x08005c85   Thumb Code    28  stm32f4xx_ll_usb.o(i.USB_ActivateSetup)
    USB_CoreInit                             0x08005ca1   Thumb Code   112  stm32f4xx_ll_usb.o(i.USB_CoreInit)
    USB_DeactivateEndpoint                   0x08005d49   Thumb Code   198  stm32f4xx_ll_usb.o(i.USB_DeactivateEndpoint)
    USB_DevConnect                           0x08005e19   Thumb Code    28  stm32f4xx_ll_usb.o(i.USB_DevConnect)
    USB_DevDisconnect                        0x08005e35   Thumb Code    28  stm32f4xx_ll_usb.o(i.USB_DevDisconnect)
    USB_DevInit                              0x08005e51   Thumb Code   362  stm32f4xx_ll_usb.o(i.USB_DevInit)
    USB_DisableGlobalInt                     0x08005fc5   Thumb Code    12  stm32f4xx_ll_usb.o(i.USB_DisableGlobalInt)
    USB_EP0StartXfer                         0x08005fd1   Thumb Code   276  stm32f4xx_ll_usb.o(i.USB_EP0StartXfer)
    USB_EP0_OutStart                         0x080060e9   Thumb Code    84  stm32f4xx_ll_usb.o(i.USB_EP0_OutStart)
    USB_EPClearStall                         0x08006141   Thumb Code    88  stm32f4xx_ll_usb.o(i.USB_EPClearStall)
    USB_EPSetStall                           0x08006199   Thumb Code    88  stm32f4xx_ll_usb.o(i.USB_EPSetStall)
    USB_EPStartXfer                          0x080061f1   Thumb Code   480  stm32f4xx_ll_usb.o(i.USB_EPStartXfer)
    USB_EnableGlobalInt                      0x080063d5   Thumb Code    12  stm32f4xx_ll_usb.o(i.USB_EnableGlobalInt)
    USB_FlushRxFifo                          0x080063e1   Thumb Code    28  stm32f4xx_ll_usb.o(i.USB_FlushRxFifo)
    USB_FlushTxFifo                          0x08006401   Thumb Code    32  stm32f4xx_ll_usb.o(i.USB_FlushTxFifo)
    USB_GetDevSpeed                          0x08006425   Thumb Code    26  stm32f4xx_ll_usb.o(i.USB_GetDevSpeed)
    USB_GetMode                              0x0800643f   Thumb Code     8  stm32f4xx_ll_usb.o(i.USB_GetMode)
    USB_ReadDevAllInEpInterrupt              0x08006447   Thumb Code    14  stm32f4xx_ll_usb.o(i.USB_ReadDevAllInEpInterrupt)
    USB_ReadDevAllOutEpInterrupt             0x08006455   Thumb Code    14  stm32f4xx_ll_usb.o(i.USB_ReadDevAllOutEpInterrupt)
    USB_ReadDevInEPInterrupt                 0x08006463   Thumb Code    36  stm32f4xx_ll_usb.o(i.USB_ReadDevInEPInterrupt)
    USB_ReadDevOutEPInterrupt                0x08006487   Thumb Code    16  stm32f4xx_ll_usb.o(i.USB_ReadDevOutEPInterrupt)
    USB_ReadInterrupts                       0x08006497   Thumb Code     8  stm32f4xx_ll_usb.o(i.USB_ReadInterrupts)
    USB_ReadPacket                           0x0800649f   Thumb Code    30  stm32f4xx_ll_usb.o(i.USB_ReadPacket)
    USB_SetCurrentMode                       0x080064bd   Thumb Code    46  stm32f4xx_ll_usb.o(i.USB_SetCurrentMode)
    USB_SetDevAddress                        0x080064eb   Thumb Code    34  stm32f4xx_ll_usb.o(i.USB_SetDevAddress)
    USB_SetTurnaroundTime                    0x0800650d   Thumb Code   158  stm32f4xx_ll_usb.o(i.USB_SetTurnaroundTime)
    USB_WritePacket                          0x080065f5   Thumb Code    36  stm32f4xx_ll_usb.o(i.USB_WritePacket)
    UsageFault_Handler                       0x08006619   Thumb Code     2  stm32f4xx_it.o(i.UsageFault_Handler)
    __scatterload_copy                       0x0800663b   Thumb Code    14  handlers.o(i.__scatterload_copy)
    __scatterload_null                       0x08006649   Thumb Code     2  handlers.o(i.__scatterload_null)
    __scatterload_zeroinit                   0x0800664b   Thumb Code    14  handlers.o(i.__scatterload_zeroinit)
    com_MB_Printer                           0x08006785   Thumb Code    66  funciones.o(i.com_MB_Printer)
    com_USB_PC                               0x080067d5   Thumb Code   100  funciones.o(i.com_USB_PC)
    disk_initialize                          0x08006c39   Thumb Code    36  diskio.o(i.disk_initialize)
    disk_ioctl                               0x08006c61   Thumb Code    22  diskio.o(i.disk_ioctl)
    disk_read                                0x08006c7d   Thumb Code    24  diskio.o(i.disk_read)
    disk_status                              0x08006c99   Thumb Code    18  diskio.o(i.disk_status)
    disk_write                               0x08006cb1   Thumb Code    24  diskio.o(i.disk_write)
    drawer                                   0x08006ccd   Thumb Code   140  funciones.o(i.drawer)
    escribe_memoria_ram                      0x08006d99   Thumb Code   218  spi_driver.o(i.escribe_memoria_ram)
    f_close                                  0x08006e81   Thumb Code    40  ff.o(i.f_close)
    f_mount                                  0x08006ea9   Thumb Code    84  ff.o(i.f_mount)
    f_open                                   0x08006f01   Thumb Code   522  ff.o(i.f_open)
    f_read                                   0x08007111   Thumb Code   360  ff.o(i.f_read)
    f_sync                                   0x08007279   Thumb Code   142  ff.o(i.f_sync)
    get_fattime                              0x080076ef   Thumb Code     4  fatfs.o(i.get_fattime)
    led_ERR                                  0x080077f9   Thumb Code    70  funciones.o(i.led_ERR)
    led_ok                                   0x08007845   Thumb Code    72  funciones.o(i.led_ok)
    lee_memoria_fiscal                       0x08007891   Thumb Code   182  spi_driver.o(i.lee_memoria_fiscal)
    lee_memoria_flash                        0x08007955   Thumb Code   182  spi_driver.o(i.lee_memoria_flash)
    lee_memoria_ram                          0x08007a19   Thumb Code   210  spi_driver.o(i.lee_memoria_ram)
    main                                     0x08007af9   Thumb Code   278  main.o(i.main)
    mensaje_USB                              0x08007c51   Thumb Code    42  funciones.o(i.mensaje_USB)
    montar_sd                                0x08007c85   Thumb Code    80  sd_driver.o(i.montar_sd)
    prueba_bateria                           0x08007d19   Thumb Code    98  spi_driver.o(i.prueba_bateria)
    prueba_drv_sdio                          0x08007d85   Thumb Code     4  sd_driver.o(i.prueba_drv_sdio)
    prueba_drv_spi1                          0x08007d89   Thumb Code    58  spi_driver.o(i.prueba_drv_spi1)
    prueba_jp1                               0x08007dc5   Thumb Code    74  funciones.o(i.prueba_jp1)
    prueba_jp2                               0x08007e19   Thumb Code    74  funciones.o(i.prueba_jp2)
    prueba_mem_fiscal                        0x08007e6d   Thumb Code   126  spi_driver.o(i.prueba_mem_fiscal)
    prueba_mem_flash                         0x08007ef1   Thumb Code   106  spi_driver.o(i.prueba_mem_flash)
    prueba_mem_ram                           0x08007f65   Thumb Code   180  spi_driver.o(i.prueba_mem_ram)
    prueba_mem_ram_read                      0x0800801d   Thumb Code   104  spi_driver.o(i.prueba_mem_ram_read)
    prueba_mem_ram_write                     0x08008089   Thumb Code   160  spi_driver.o(i.prueba_mem_ram_write)
    prueba_rts_cts                           0x0800812d   Thumb Code    46  funciones.o(i.prueba_rts_cts)
    prueba_spi_ext                           0x08008161   Thumb Code   242  spi_driver.o(i.prueba_spi_ext)
    prueba_sw                                0x08008261   Thumb Code    76  funciones.o(i.prueba_sw)
    selecciona_dispositivo                   0x0800844d   Thumb Code   140  spi_driver.o(i.selecciona_dispositivo)
    selftest                                 0x080084e5   Thumb Code   242  selftest.o(i.selftest)
    swap_gpio                                0x08008645   Thumb Code    84  spi_driver.o(i.swap_gpio)
    SD_Driver                                0x080087b4   Data          20  sd_diskio.o(.constdata)
    AHBPrescTable                            0x080087d0   Data          16  system_stm32f4xx.o(.constdata)
    APBPrescTable                            0x080087e0   Data           8  system_stm32f4xx.o(.constdata)
    Region$$Table$$Base                      0x08008884   Number         0  anon$$obj.o(Region$$Table)
    Region$$Table$$Limit                     0x080088a4   Number         0  anon$$obj.o(Region$$Table)
    textos                                   0x20000000   Data        1638  textos.o(.data)
    statusp                                  0x20000668   Data           2  funciones.o(.data)
    x                                        0x2000066c   Data           4  funciones.o(.data)
    draw                                     0x20000670   Data           5  funciones.o(.data)
    nombre_archivo_leer                      0x20000675   Data          11  sd_driver.o(.data)
    CMD_STA_MODE                             0x20000680   Data          20  selftest.o(.data)
    CMD_ADD_Net                              0x20000694   Data          49  selftest.o(.data)
    CMD_PING                                 0x200006c5   Data          46  selftest.o(.data)
    status                                   0x200006f3   Data           1  spi_driver.o(.data)
    retSD                                    0x200006f5   Data           1  fatfs.o(.data)
    SDPath                                   0x200006f6   Data           4  fatfs.o(.data)
    FS_Desc                                  0x200006fc   Data          28  usbd_desc.o(.data)
    USBD_LangIDDesc                          0x20000718   Data           4  usbd_desc.o(.data)
    USBD_FS_DeviceDesc                       0x2000071c   Data          18  usbd_desc.o(.data)
    USBD_StringSerial                        0x20000730   Data          26  usbd_desc.o(.data)
    USBD_Interface_fops_FS                   0x2000074c   Data          20  usbd_cdc_if.o(.data)
    uwTickFreq                               0x20000760   Data           1  stm32f4xx_hal.o(.data)
    uwTickPrio                               0x20000764   Data           4  stm32f4xx_hal.o(.data)
    uwTick                                   0x20000768   Data           4  stm32f4xx_hal.o(.data)
    SystemCoreClock                          0x2000076c   Data           4  system_stm32f4xx.o(.data)
    USBD_CDC                                 0x20000854   Data          56  usbd_cdc.o(.data)
    usbdat                                   0x2000088c   Data          64  funciones.o(.bss)
    msn                                      0x200008cc   Data          26  funciones.o(.bss)
    mi_FATFS                                 0x200008e8   Data        4148  sd_driver.o(.bss)
    mi_archivo                               0x2000191c   Data        4144  sd_driver.o(.bss)
    resultado                                0x2000294c   Data          26  selftest.o(.bss)
    bandera                                  0x20002968   Data          12  spi_driver.o(.bss)
    GPIO_InitStruct                          0x20002974   Data          20  spi_driver.o(.bss)
    hrtc                                     0x20002988   Data          32  main.o(.bss)
    hsd                                      0x200029a8   Data         132  main.o(.bss)
    hspi1                                    0x20002a2c   Data          88  main.o(.bss)
    huart1                                   0x20002a84   Data          68  main.o(.bss)
    huart2                                   0x20002ac8   Data          68  main.o(.bss)
    huart3                                   0x20002b0c   Data          68  main.o(.bss)
    huart6                                   0x20002b50   Data          68  main.o(.bss)
    hdma_sdio_rx                             0x20002b94   Data          96  main.o(.bss)
    hdma_sdio_tx                             0x20002bf4   Data          96  main.o(.bss)
    hUsbDeviceFS                             0x20002c54   Data         720  usb_device.o(.bss)
    hpcd_USB_OTG_FS                          0x20003744   Data        1032  usbd_conf.o(.bss)
    USBD_StrDesc                             0x20003b4c   Data         512  usbd_desc.o(.bss)
    UserRxBufferFS                           0x20003d4c   Data        2048  usbd_cdc_if.o(.bss)
    UserTxBufferFS                           0x2000454c   Data        2048  usbd_cdc_if.o(.bss)
    disk                                     0x20004d6c   Data          12  ff_gen_drv.o(.bss)
    __initial_sp                             0x20008d78   Data           0  startup_stm32f407xx.o(STACK)



==============================================================================

Memory Map of the image

  Image Entry point : 0x08000189

  Load Region LR_IROM1 (Base: 0x08000000, Size: 0x00009130, Max: 0x00100000, ABSOLUTE, COMPRESSED[0x00008c7c])

    Execution Region ER_IROM1 (Base: 0x08000000, Size: 0x000088a4, Max: 0x00100000, ABSOLUTE)

    Base Addr    Size         Type   Attr      Idx    E Section Name        Object

    0x08000000   0x00000188   Data   RO            3    RESET               startup_stm32f407xx.o
    0x08000188   0x00000000   Code   RO         5608  * .ARM.Collect$$$$00000000  mc_w.l(entry.o)
    0x08000188   0x00000004   Code   RO         5625    .ARM.Collect$$$$00000001  mc_w.l(entry2.o)
    0x0800018c   0x00000004   Code   RO         5628    .ARM.Collect$$$$00000004  mc_w.l(entry5.o)
    0x08000190   0x00000000   Code   RO         5630    .ARM.Collect$$$$00000008  mc_w.l(entry7b.o)
    0x08000190   0x00000000   Code   RO         5632    .ARM.Collect$$$$0000000A  mc_w.l(entry8b.o)
    0x08000190   0x00000008   Code   RO         5633    .ARM.Collect$$$$0000000B  mc_w.l(entry9a.o)
    0x08000198   0x00000000   Code   RO         5635    .ARM.Collect$$$$0000000D  mc_w.l(entry10a.o)
    0x08000198   0x00000000   Code   RO         5637    .ARM.Collect$$$$0000000F  mc_w.l(entry11a.o)
    0x08000198   0x00000004   Code   RO         5626    .ARM.Collect$$$$00002712  mc_w.l(entry2.o)
    0x0800019c   0x00000024   Code   RO            4    .text               startup_stm32f407xx.o
    0x080001c0   0x00000062   Code   RO         5611    .text               mc_w.l(uldiv.o)
    0x08000222   0x00000024   Code   RO         5613    .text               mc_w.l(memcpya.o)
    0x08000246   0x00000024   Code   RO         5615    .text               mc_w.l(memseta.o)
    0x0800026a   0x0000000e   Code   RO         5617    .text               mc_w.l(strlen.o)
    0x08000278   0x0000001c   Code   RO         5619    .text               mc_w.l(strcmp.o)
    0x08000294   0x00000012   Code   RO         5621    .text               mc_w.l(strcpy.o)
    0x080002a6   0x0000001e   Code   RO         5639    .text               mc_w.l(llshl.o)
    0x080002c4   0x00000020   Code   RO         5641    .text               mc_w.l(llushr.o)
    0x080002e4   0x00000024   Code   RO         5643    .text               mc_w.l(init.o)
    0x08000308   0x0000005e   Code   RO         5653    .text               mc_w.l(__dclz77c.o)
    0x08000366   0x00000002   PAD
    0x08000368   0x00000064   Code   RO           27    i.ALLISON_init      funciones.o
    0x080003cc   0x00000018   Code   RO          849    i.BSP_PlatformIsDetected  fatfs_platform.o
    0x080003e4   0x00000002   Code   RO          630    i.BSP_SD_AbortCallback  bsp_driver_sd.o
    0x080003e6   0x00000002   PAD
    0x080003e8   0x0000000c   Code   RO          633    i.BSP_SD_GetCardInfo  bsp_driver_sd.o
    0x080003f4   0x00000018   Code   RO          634    i.BSP_SD_GetCardState  bsp_driver_sd.o
    0x0800040c   0x00000030   Code   RO          636    i.BSP_SD_Init       bsp_driver_sd.o
    0x0800043c   0x0000001a   Code   RO          637    i.BSP_SD_IsDetected  bsp_driver_sd.o
    0x08000456   0x00000002   PAD
    0x08000458   0x00000020   Code   RO          638    i.BSP_SD_ReadBlocks  bsp_driver_sd.o
    0x08000478   0x00000002   Code   RO          640    i.BSP_SD_ReadCpltCallback  bsp_driver_sd.o
    0x0800047a   0x00000002   PAD
    0x0800047c   0x00000020   Code   RO          641    i.BSP_SD_WriteBlocks  bsp_driver_sd.o
    0x0800049c   0x00000002   Code   RO          643    i.BSP_SD_WriteCpltCallback  bsp_driver_sd.o
    0x0800049e   0x00000002   Code   RO         1241    i.BusFault_Handler  stm32f4xx_it.o
    0x080004a0   0x0000017c   Code   RO          408    i.CC32_Selftest     selftest.o
    0x0800061c   0x00000004   Code   RO         1184    i.CDC_Control_FS    usbd_cdc_if.o
    0x08000620   0x00000004   Code   RO         1185    i.CDC_DeInit_FS     usbd_cdc_if.o
    0x08000624   0x00000024   Code   RO         1186    i.CDC_Init_FS       usbd_cdc_if.o
    0x08000648   0x0000003c   Code   RO         1187    i.CDC_Receive_FS    usbd_cdc_if.o
    0x08000684   0x00000004   Code   RO         1188    i.CDC_TransmitCplt_FS  usbd_cdc_if.o
    0x08000688   0x0000003c   Code   RO         1189    i.CDC_Transmit_FS   usbd_cdc_if.o
    0x080006c4   0x0000000c   Code   RO         1242    i.DMA2_Stream3_IRQHandler  stm32f4xx_it.o
    0x080006d0   0x0000000c   Code   RO         1243    i.DMA2_Stream6_IRQHandler  stm32f4xx_it.o
    0x080006dc   0x00000028   Code   RO         2457    i.DMA_CalcBaseAndBitshift  stm32f4xx_hal_dma.o
    0x08000704   0x00000054   Code   RO         2458    i.DMA_CheckFifoParam  stm32f4xx_hal_dma.o
    0x08000758   0x00000002   Code   RO         1244    i.DebugMon_Handler  stm32f4xx_it.o
    0x0800075a   0x00000004   Code   RO          571    i.Error_Handler     main.o
    0x0800075e   0x00000006   Code   RO         5160    i.FATFS_LinkDriver  ff_gen_drv.o
    0x08000764   0x00000040   Code   RO         5161    i.FATFS_LinkDriverEx  ff_gen_drv.o
    0x080007a4   0x0000008e   Code   RO         2460    i.HAL_DMA_Abort     stm32f4xx_hal_dma.o
    0x08000832   0x00000024   Code   RO         2461    i.HAL_DMA_Abort_IT  stm32f4xx_hal_dma.o
    0x08000856   0x00000002   PAD
    0x08000858   0x000001a0   Code   RO         2465    i.HAL_DMA_IRQHandler  stm32f4xx_hal_dma.o
    0x080009f8   0x000000d4   Code   RO         2466    i.HAL_DMA_Init      stm32f4xx_hal_dma.o
    0x08000acc   0x00000024   Code   RO         2879    i.HAL_Delay         stm32f4xx_hal.o
    0x08000af0   0x000001cc   Code   RO         2353    i.HAL_GPIO_Init     stm32f4xx_hal_gpio.o
    0x08000cbc   0x0000000a   Code   RO         2355    i.HAL_GPIO_ReadPin  stm32f4xx_hal_gpio.o
    0x08000cc6   0x0000000a   Code   RO         2357    i.HAL_GPIO_WritePin  stm32f4xx_hal_gpio.o
    0x08000cd0   0x0000000c   Code   RO         2885    i.HAL_GetTick       stm32f4xx_hal.o
    0x08000cdc   0x00000010   Code   RO         2891    i.HAL_IncTick       stm32f4xx_hal.o
    0x08000cec   0x00000034   Code   RO         2892    i.HAL_Init          stm32f4xx_hal.o
    0x08000d20   0x00000040   Code   RO         2893    i.HAL_InitTick      stm32f4xx_hal.o
    0x08000d60   0x00000030   Code   RO         1359    i.HAL_MspInit       stm32f4xx_hal_msp.o
    0x08000d90   0x0000001a   Code   RO         2742    i.HAL_NVIC_EnableIRQ  stm32f4xx_hal_cortex.o
    0x08000daa   0x00000002   PAD
    0x08000dac   0x00000040   Code   RO         2748    i.HAL_NVIC_SetPriority  stm32f4xx_hal_cortex.o
    0x08000dec   0x00000024   Code   RO         2749    i.HAL_NVIC_SetPriorityGrouping  stm32f4xx_hal_cortex.o
    0x08000e10   0x00000002   Code   RO         1659    i.HAL_PCDEx_LPM_Callback  stm32f4xx_hal_pcd_ex.o
    0x08000e12   0x00000008   Code   RO         1660    i.HAL_PCDEx_SetRxFiFo  stm32f4xx_hal_pcd_ex.o
    0x08000e1a   0x00000044   Code   RO         1661    i.HAL_PCDEx_SetTxFiFo  stm32f4xx_hal_pcd_ex.o
    0x08000e5e   0x00000008   Code   RO          904    i.HAL_PCD_ConnectCallback  usbd_conf.o
    0x08000e66   0x00000012   Code   RO          905    i.HAL_PCD_DataInStageCallback  usbd_conf.o
    0x08000e78   0x00000014   Code   RO          906    i.HAL_PCD_DataOutStageCallback  usbd_conf.o
    0x08000e8c   0x00000008   Code   RO          907    i.HAL_PCD_DisconnectCallback  usbd_conf.o
    0x08000e94   0x0000004c   Code   RO         1441    i.HAL_PCD_EP_Close  stm32f4xx_hal_pcd.o
    0x08000ee0   0x0000005c   Code   RO         1442    i.HAL_PCD_EP_ClrStall  stm32f4xx_hal_pcd.o
    0x08000f3c   0x00000012   Code   RO         1444    i.HAL_PCD_EP_GetRxCount  stm32f4xx_hal_pcd.o
    0x08000f4e   0x00000060   Code   RO         1445    i.HAL_PCD_EP_Open   stm32f4xx_hal_pcd.o
    0x08000fae   0x00000048   Code   RO         1446    i.HAL_PCD_EP_Receive  stm32f4xx_hal_pcd.o
    0x08000ff6   0x00000074   Code   RO         1447    i.HAL_PCD_EP_SetStall  stm32f4xx_hal_pcd.o
    0x0800106a   0x00000040   Code   RO         1448    i.HAL_PCD_EP_Transmit  stm32f4xx_hal_pcd.o
    0x080010aa   0x00000002   PAD
    0x080010ac   0x0000042c   Code   RO         1450    i.HAL_PCD_IRQHandler  stm32f4xx_hal_pcd.o
    0x080014d8   0x00000008   Code   RO          908    i.HAL_PCD_ISOINIncompleteCallback  usbd_conf.o
    0x080014e0   0x00000008   Code   RO          909    i.HAL_PCD_ISOOUTIncompleteCallback  usbd_conf.o
    0x080014e8   0x000000e2   Code   RO         1453    i.HAL_PCD_Init      stm32f4xx_hal_pcd.o
    0x080015ca   0x00000002   PAD
    0x080015cc   0x00000084   Code   RO          911    i.HAL_PCD_MspInit   usbd_conf.o
    0x08001650   0x0000002c   Code   RO          912    i.HAL_PCD_ResetCallback  usbd_conf.o
    0x0800167c   0x00000008   Code   RO          913    i.HAL_PCD_ResumeCallback  usbd_conf.o
    0x08001684   0x00000008   Code   RO          914    i.HAL_PCD_SOFCallback  usbd_conf.o
    0x0800168c   0x00000028   Code   RO         1459    i.HAL_PCD_SetAddress  stm32f4xx_hal_pcd.o
    0x080016b4   0x0000000e   Code   RO          915    i.HAL_PCD_SetupStageCallback  usbd_conf.o
    0x080016c2   0x00000042   Code   RO         1461    i.HAL_PCD_Start     stm32f4xx_hal_pcd.o
    0x08001704   0x00000030   Code   RO          916    i.HAL_PCD_SuspendCallback  usbd_conf.o
    0x08001734   0x0000013c   Code   RO         2104    i.HAL_RCCEx_PeriphCLKConfig  stm32f4xx_hal_rcc_ex.o
    0x08001870   0x00000134   Code   RO         1999    i.HAL_RCC_ClockConfig  stm32f4xx_hal_rcc.o
    0x080019a4   0x0000000c   Code   RO         2004    i.HAL_RCC_GetHCLKFreq  stm32f4xx_hal_rcc.o
    0x080019b0   0x00000020   Code   RO         2006    i.HAL_RCC_GetPCLK1Freq  stm32f4xx_hal_rcc.o
    0x080019d0   0x00000020   Code   RO         2007    i.HAL_RCC_GetPCLK2Freq  stm32f4xx_hal_rcc.o
    0x080019f0   0x00000064   Code   RO         2008    i.HAL_RCC_GetSysClockFreq  stm32f4xx_hal_rcc.o
    0x08001a54   0x00000358   Code   RO         2011    i.HAL_RCC_OscConfig  stm32f4xx_hal_rcc.o
    0x08001dac   0x000000ac   Code   RO         3143    i.HAL_RTC_Init      stm32f4xx_hal_rtc.o
    0x08001e58   0x00000018   Code   RO         1361    i.HAL_RTC_MspInit   stm32f4xx_hal_msp.o
    0x08001e70   0x0000014e   Code   RO         3147    i.HAL_RTC_SetAlarm  stm32f4xx_hal_rtc.o
    0x08001fbe   0x00000002   PAD
    0x08001fc0   0x000000c8   Code   RO         3149    i.HAL_RTC_SetDate   stm32f4xx_hal_rtc.o
    0x08002088   0x000000ec   Code   RO         3150    i.HAL_RTC_SetTime   stm32f4xx_hal_rtc.o
    0x08002174   0x00000034   Code   RO         3151    i.HAL_RTC_WaitForSynchro  stm32f4xx_hal_rtc.o
    0x080021a8   0x00000008   Code   RO          644    i.HAL_SD_AbortCallback  bsp_driver_sd.o
    0x080021b0   0x00000118   Code   RO         3798    i.HAL_SD_ConfigWideBusOperation  stm32f4xx_hal_sd.o
    0x080022c8   0x00000002   Code   RO         3801    i.HAL_SD_ErrorCallback  stm32f4xx_hal_sd.o
    0x080022ca   0x00000002   PAD
    0x080022cc   0x00000198   Code   RO         3803    i.HAL_SD_GetCardCSD  stm32f4xx_hal_sd.o
    0x08002464   0x00000024   Code   RO         3804    i.HAL_SD_GetCardInfo  stm32f4xx_hal_sd.o
    0x08002488   0x00000032   Code   RO         3805    i.HAL_SD_GetCardState  stm32f4xx_hal_sd.o
    0x080024ba   0x00000002   PAD
    0x080024bc   0x00000208   Code   RO         3809    i.HAL_SD_IRQHandler  stm32f4xx_hal_sd.o
    0x080026c4   0x00000036   Code   RO         3810    i.HAL_SD_Init       stm32f4xx_hal_sd.o
    0x080026fa   0x00000002   PAD
    0x080026fc   0x00000074   Code   RO         3811    i.HAL_SD_InitCard   stm32f4xx_hal_sd.o
    0x08002770   0x00000164   Code   RO         1363    i.HAL_SD_MspInit    stm32f4xx_hal_msp.o
    0x080028d4   0x000001dc   Code   RO         3814    i.HAL_SD_ReadBlocks  stm32f4xx_hal_sd.o
    0x08002ab0   0x00000008   Code   RO          645    i.HAL_SD_RxCpltCallback  bsp_driver_sd.o
    0x08002ab8   0x00000008   Code   RO          646    i.HAL_SD_TxCpltCallback  bsp_driver_sd.o
    0x08002ac0   0x000001a8   Code   RO         3819    i.HAL_SD_WriteBlocks  stm32f4xx_hal_sd.o
    0x08002c68   0x000000bc   Code   RO         4031    i.HAL_SPI_Init      stm32f4xx_hal_spi.o
    0x08002d24   0x00000068   Code   RO         1365    i.HAL_SPI_MspInit   stm32f4xx_hal_msp.o
    0x08002d8c   0x00000154   Code   RO         4034    i.HAL_SPI_Receive   stm32f4xx_hal_spi.o
    0x08002ee0   0x0000016a   Code   RO         4039    i.HAL_SPI_Transmit  stm32f4xx_hal_spi.o
    0x0800304a   0x000001da   Code   RO         4040    i.HAL_SPI_TransmitReceive  stm32f4xx_hal_spi.o
    0x08003224   0x00000028   Code   RO         2753    i.HAL_SYSTICK_Config  stm32f4xx_hal_cortex.o
    0x0800324c   0x00000002   Code   RO         4389    i.HAL_UARTEx_RxEventCallback  stm32f4xx_hal_uart.o
    0x0800324e   0x00000002   Code   RO         4403    i.HAL_UART_ErrorCallback  stm32f4xx_hal_uart.o
    0x08003250   0x00000210   Code   RO         4406    i.HAL_UART_IRQHandler  stm32f4xx_hal_uart.o
    0x08003460   0x00000062   Code   RO         4407    i.HAL_UART_Init     stm32f4xx_hal_uart.o
    0x080034c2   0x00000002   PAD
    0x080034c4   0x0000016c   Code   RO         1367    i.HAL_UART_MspInit  stm32f4xx_hal_msp.o
    0x08003630   0x0000002a   Code   RO         4412    i.HAL_UART_Receive_IT  stm32f4xx_hal_uart.o
    0x0800365a   0x00000002   Code   RO         4413    i.HAL_UART_RxCpltCallback  stm32f4xx_hal_uart.o
    0x0800365c   0x000000b0   Code   RO         4415    i.HAL_UART_Transmit  stm32f4xx_hal_uart.o
    0x0800370c   0x0000003e   Code   RO         4417    i.HAL_UART_Transmit_IT  stm32f4xx_hal_uart.o
    0x0800374a   0x00000002   Code   RO         4418    i.HAL_UART_TxCpltCallback  stm32f4xx_hal_uart.o
    0x0800374c   0x00000002   Code   RO         1245    i.HardFault_Handler  stm32f4xx_it.o
    0x0800374e   0x00000036   Code   RO         1111    i.IntToUnicode      usbd_desc.o
    0x08003784   0x0000001c   Code   RO          811    i.MX_FATFS_Init     fatfs.o
    0x080037a0   0x00000204   Code   RO          447    i.MX_GPIO_Init      spi_driver.o
    0x080039a4   0x00000204   Code   RO          572    i.MX_GPIO_Init      main.o
    0x08003ba8   0x000000bc   Code   RO          573    i.MX_RTC_Init       main.o
    0x08003c64   0x00000040   Code   RO          574    i.MX_SPI1_Init      main.o
    0x08003ca4   0x00000054   Code   RO          873    i.MX_USB_DEVICE_Init  usb_device.o
    0x08003cf8   0x00000002   Code   RO         1246    i.MemManage_Handler  stm32f4xx_it.o
    0x08003cfa   0x00000002   Code   RO         1247    i.NMI_Handler       stm32f4xx_it.o
    0x08003cfc   0x0000000c   Code   RO         1248    i.OTG_FS_IRQHandler  stm32f4xx_it.o
    0x08003d08   0x000000cc   Code   RO         1465    i.PCD_EP_OutXfrComplete_int  stm32f4xx_hal_pcd.o
    0x08003dd4   0x00000098   Code   RO         1466    i.PCD_WriteEmptyTxFifo  stm32f4xx_hal_pcd.o
    0x08003e6c   0x00000002   Code   RO         1249    i.PendSV_Handler    stm32f4xx_it.o
    0x08003e6e   0x00000016   Code   RO         3153    i.RTC_ByteToBcd2    stm32f4xx_hal_rtc.o
    0x08003e84   0x00000038   Code   RO         3154    i.RTC_EnterInitMode  stm32f4xx_hal_rtc.o
    0x08003ebc   0x00000024   Code   RO         3525    i.SDIO_ConfigData   stm32f4xx_ll_sdmmc.o
    0x08003ee0   0x00000008   Code   RO         3529    i.SDIO_GetPowerState  stm32f4xx_ll_sdmmc.o
    0x08003ee8   0x00000006   Code   RO         3530    i.SDIO_GetResponse  stm32f4xx_ll_sdmmc.o
    0x08003eee   0x00000002   PAD
    0x08003ef0   0x0000000c   Code   RO         1250    i.SDIO_IRQHandler   stm32f4xx_it.o
    0x08003efc   0x00000024   Code   RO         3531    i.SDIO_Init         stm32f4xx_ll_sdmmc.o
    0x08003f20   0x00000010   Code   RO         3533    i.SDIO_PowerState_ON  stm32f4xx_ll_sdmmc.o
    0x08003f30   0x00000006   Code   RO         3534    i.SDIO_ReadFIFO     stm32f4xx_ll_sdmmc.o
    0x08003f36   0x00000020   Code   RO         3535    i.SDIO_SendCommand  stm32f4xx_ll_sdmmc.o
    0x08003f56   0x0000000a   Code   RO         3537    i.SDIO_WriteFIFO    stm32f4xx_ll_sdmmc.o
    0x08003f60   0x00000030   Code   RO         3538    i.SDMMC_CmdAppCommand  stm32f4xx_ll_sdmmc.o
    0x08003f90   0x00000034   Code   RO         3539    i.SDMMC_CmdAppOperCommand  stm32f4xx_ll_sdmmc.o
    0x08003fc4   0x00000030   Code   RO         3540    i.SDMMC_CmdBlockLength  stm32f4xx_ll_sdmmc.o
    0x08003ff4   0x00000030   Code   RO         3541    i.SDMMC_CmdBusWidth  stm32f4xx_ll_sdmmc.o
    0x08004024   0x00000050   Code   RO         3545    i.SDMMC_CmdGoIdleState  stm32f4xx_ll_sdmmc.o
    0x08004074   0x00000074   Code   RO         3547    i.SDMMC_CmdOperCond  stm32f4xx_ll_sdmmc.o
    0x080040e8   0x00000030   Code   RO         3548    i.SDMMC_CmdReadMultiBlock  stm32f4xx_ll_sdmmc.o
    0x08004118   0x00000030   Code   RO         3549    i.SDMMC_CmdReadSingleBlock  stm32f4xx_ll_sdmmc.o
    0x08004148   0x00000032   Code   RO         3552    i.SDMMC_CmdSelDesel  stm32f4xx_ll_sdmmc.o
    0x0800417a   0x0000002a   Code   RO         3553    i.SDMMC_CmdSendCID  stm32f4xx_ll_sdmmc.o
    0x080041a4   0x0000002c   Code   RO         3554    i.SDMMC_CmdSendCSD  stm32f4xx_ll_sdmmc.o
    0x080041d0   0x00000030   Code   RO         3556    i.SDMMC_CmdSendSCR  stm32f4xx_ll_sdmmc.o
    0x08004200   0x00000030   Code   RO         3557    i.SDMMC_CmdSendStatus  stm32f4xx_ll_sdmmc.o
    0x08004230   0x00000030   Code   RO         3558    i.SDMMC_CmdSetRelAdd  stm32f4xx_ll_sdmmc.o
    0x08004260   0x00000034   Code   RO         3560    i.SDMMC_CmdStopTransfer  stm32f4xx_ll_sdmmc.o
    0x08004294   0x00000030   Code   RO         3562    i.SDMMC_CmdWriteMultiBlock  stm32f4xx_ll_sdmmc.o
    0x080042c4   0x00000030   Code   RO         3563    i.SDMMC_CmdWriteSingleBlock  stm32f4xx_ll_sdmmc.o
    0x080042f4   0x00000120   Code   RO         3564    i.SDMMC_GetCmdResp1  stm32f4xx_ll_sdmmc.o
    0x08004414   0x00000050   Code   RO         3565    i.SDMMC_GetCmdResp2  stm32f4xx_ll_sdmmc.o
    0x08004464   0x00000044   Code   RO         3566    i.SDMMC_GetCmdResp3  stm32f4xx_ll_sdmmc.o
    0x080044a8   0x00000088   Code   RO         3567    i.SDMMC_GetCmdResp6  stm32f4xx_ll_sdmmc.o
    0x08004530   0x00000020   Code   RO          751    i.SD_CheckStatus    sd_diskio.o
    0x08004550   0x00000044   Code   RO         3824    i.SD_DMARxAbort     stm32f4xx_hal_sd.o
    0x08004594   0x00000044   Code   RO         3826    i.SD_DMATxAbort     stm32f4xx_hal_sd.o
    0x080045d8   0x000000da   Code   RO         3827    i.SD_FindSCR        stm32f4xx_hal_sd.o
    0x080046b2   0x000000ee   Code   RO         3828    i.SD_InitCard       stm32f4xx_hal_sd.o
    0x080047a0   0x000000ac   Code   RO         3829    i.SD_PowerON        stm32f4xx_hal_sd.o
    0x0800484c   0x00000020   Code   RO          752    i.SD_initialize     sd_diskio.o
    0x0800486c   0x00000050   Code   RO          753    i.SD_ioctl          sd_diskio.o
    0x080048bc   0x00000024   Code   RO          754    i.SD_read           sd_diskio.o
    0x080048e0   0x00000004   Code   RO          755    i.SD_status         sd_diskio.o
    0x080048e4   0x00000024   Code   RO          756    i.SD_write          sd_diskio.o
    0x08004908   0x0000005c   Code   RO         4068    i.SPI_EndRxTransaction  stm32f4xx_hal_spi.o
    0x08004964   0x00000058   Code   RO         4069    i.SPI_EndRxTxTransaction  stm32f4xx_hal_spi.o
    0x080049bc   0x000000b8   Code   RO         4074    i.SPI_WaitFlagStateUntilTimeout  stm32f4xx_hal_spi.o
    0x08004a74   0x00000002   Code   RO         1251    i.SVC_Handler       stm32f4xx_it.o
    0x08004a76   0x0000000a   Code   RO         5372    i.SWAPBYTE          usbd_ctlreq.o
    0x08004a80   0x00000004   Code   RO         1252    i.SysTick_Handler   stm32f4xx_it.o
    0x08004a84   0x000000bc   Code   RO          575    i.SystemClock_Config  main.o
    0x08004b40   0x00000010   Code   RO         4736    i.SystemInit        system_stm32f4xx.o
    0x08004b50   0x00000010   Code   RO         4420    i.UART_DMAAbortOnError  stm32f4xx_hal_uart.o
    0x08004b60   0x00000068   Code   RO           30    i.UART_Display      funciones.o
    0x08004bc8   0x00000030   Code   RO         4430    i.UART_EndRxTransfer  stm32f4xx_hal_uart.o
    0x08004bf8   0x000000ae   Code   RO         4432    i.UART_Receive_IT   stm32f4xx_hal_uart.o
    0x08004ca6   0x00000002   PAD
    0x08004ca8   0x0000010c   Code   RO         4433    i.UART_SetConfig    stm32f4xx_hal_uart.o
    0x08004db4   0x00000036   Code   RO         4435    i.UART_Start_Receive_IT  stm32f4xx_hal_uart.o
    0x08004dea   0x00000062   Code   RO         4436    i.UART_WaitOnFlagUntilTimeout  stm32f4xx_hal_uart.o
    0x08004e4c   0x0000000c   Code   RO         1253    i.USART2_IRQHandler  stm32f4xx_it.o
    0x08004e58   0x0000000c   Code   RO         1254    i.USART3_IRQHandler  stm32f4xx_it.o
    0x08004e64   0x0000000c   Code   RO         1255    i.USART6_IRQHandler  stm32f4xx_it.o
    0x08004e70   0x00000062   Code   RO         5505    i.USBD_CDC_DataIn   usbd_cdc.o
    0x08004ed2   0x0000002a   Code   RO         5506    i.USBD_CDC_DataOut  usbd_cdc.o
    0x08004efc   0x00000048   Code   RO         5507    i.USBD_CDC_DeInit   usbd_cdc.o
    0x08004f44   0x0000002e   Code   RO         5508    i.USBD_CDC_EP0_RxReady  usbd_cdc.o
    0x08004f72   0x00000002   PAD
    0x08004f74   0x0000000c   Code   RO         5509    i.USBD_CDC_GetDeviceQualifierDescriptor  usbd_cdc.o
    0x08004f80   0x0000000c   Code   RO         5510    i.USBD_CDC_GetFSCfgDesc  usbd_cdc.o
    0x08004f8c   0x0000000c   Code   RO         5511    i.USBD_CDC_GetHSCfgDesc  usbd_cdc.o
    0x08004f98   0x0000000c   Code   RO         5512    i.USBD_CDC_GetOtherSpeedCfgDesc  usbd_cdc.o
    0x08004fa4   0x000000a2   Code   RO         5513    i.USBD_CDC_Init     usbd_cdc.o
    0x08005046   0x00000028   Code   RO         5514    i.USBD_CDC_ReceivePacket  usbd_cdc.o
    0x0800506e   0x0000000e   Code   RO         5515    i.USBD_CDC_RegisterInterface  usbd_cdc.o
    0x0800507c   0x00000012   Code   RO         5516    i.USBD_CDC_SetRxBuffer  usbd_cdc.o
    0x0800508e   0x00000016   Code   RO         5517    i.USBD_CDC_SetTxBuffer  usbd_cdc.o
    0x080050a4   0x000000be   Code   RO         5518    i.USBD_CDC_Setup    usbd_cdc.o
    0x08005162   0x00000036   Code   RO         5519    i.USBD_CDC_TransmitPacket  usbd_cdc.o
    0x08005198   0x00000010   Code   RO         5234    i.USBD_ClrClassConfig  usbd_core.o
    0x080051a8   0x00000010   Code   RO         5445    i.USBD_CtlContinueRx  usbd_ioreq.o
    0x080051b8   0x00000010   Code   RO         5446    i.USBD_CtlContinueSendData  usbd_ioreq.o
    0x080051c8   0x00000016   Code   RO         5373    i.USBD_CtlError     usbd_ctlreq.o
    0x080051de   0x0000001e   Code   RO         5447    i.USBD_CtlPrepareRx  usbd_ioreq.o
    0x080051fc   0x00000016   Code   RO         5448    i.USBD_CtlReceiveStatus  usbd_ioreq.o
    0x08005212   0x0000001a   Code   RO         5449    i.USBD_CtlSendData  usbd_ioreq.o
    0x0800522c   0x00000016   Code   RO         5450    i.USBD_CtlSendStatus  usbd_ioreq.o
    0x08005242   0x00000002   PAD
    0x08005244   0x00000020   Code   RO         1112    i.USBD_FS_ConfigStrDescriptor  usbd_desc.o
    0x08005264   0x0000000c   Code   RO         1113    i.USBD_FS_DeviceDescriptor  usbd_desc.o
    0x08005270   0x00000024   Code   RO         1114    i.USBD_FS_InterfaceStrDescriptor  usbd_desc.o
    0x08005294   0x0000000c   Code   RO         1115    i.USBD_FS_LangIDStrDescriptor  usbd_desc.o
    0x080052a0   0x00000024   Code   RO         1116    i.USBD_FS_ManufacturerStrDescriptor  usbd_desc.o
    0x080052c4   0x00000030   Code   RO         1117    i.USBD_FS_ProductStrDescriptor  usbd_desc.o
    0x080052f4   0x00000038   Code   RO         1118    i.USBD_FS_SerialStrDescriptor  usbd_desc.o
    0x0800532c   0x000000e6   Code   RO         5374    i.USBD_GetDescriptor  usbd_ctlreq.o
    0x08005412   0x00000048   Code   RO         5375    i.USBD_GetString    usbd_ctlreq.o
    0x0800545a   0x00000018   Code   RO          917    i.USBD_Get_USB_Status  usbd_conf.o
    0x08005472   0x00000026   Code   RO         5236    i.USBD_Init         usbd_core.o
    0x08005498   0x00000012   Code   RO          918    i.USBD_LL_ClearStallEP  usbd_conf.o
    0x080054aa   0x00000012   Code   RO          919    i.USBD_LL_CloseEP   usbd_conf.o
    0x080054bc   0x000000a8   Code   RO         5237    i.USBD_LL_DataInStage  usbd_core.o
    0x08005564   0x0000006c   Code   RO         5238    i.USBD_LL_DataOutStage  usbd_core.o
    0x080055d0   0x00000004   Code   RO         5239    i.USBD_LL_DevConnected  usbd_core.o
    0x080055d4   0x00000018   Code   RO         5240    i.USBD_LL_DevDisconnected  usbd_core.o
    0x080055ec   0x00000008   Code   RO          923    i.USBD_LL_GetRxDataSize  usbd_conf.o
    0x080055f4   0x00000060   Code   RO          924    i.USBD_LL_Init      usbd_conf.o
    0x08005654   0x00000020   Code   RO          925    i.USBD_LL_IsStallEP  usbd_conf.o
    0x08005674   0x00000020   Code   RO         5241    i.USBD_LL_IsoINIncomplete  usbd_core.o
    0x08005694   0x00000020   Code   RO         5242    i.USBD_LL_IsoOUTIncomplete  usbd_core.o
    0x080056b4   0x00000018   Code   RO          926    i.USBD_LL_OpenEP    usbd_conf.o
    0x080056cc   0x00000012   Code   RO          927    i.USBD_LL_PrepareReceive  usbd_conf.o
    0x080056de   0x0000005a   Code   RO         5243    i.USBD_LL_Reset     usbd_core.o
    0x08005738   0x00000014   Code   RO         5244    i.USBD_LL_Resume    usbd_core.o
    0x0800574c   0x00000020   Code   RO         5245    i.USBD_LL_SOF       usbd_core.o
    0x0800576c   0x00000006   Code   RO         5246    i.USBD_LL_SetSpeed  usbd_core.o
    0x08005772   0x00000012   Code   RO          928    i.USBD_LL_SetUSBAddress  usbd_conf.o
    0x08005784   0x00000060   Code   RO         5247    i.USBD_LL_SetupStage  usbd_core.o
    0x080057e4   0x00000012   Code   RO          929    i.USBD_LL_StallEP   usbd_conf.o
    0x080057f6   0x00000012   Code   RO          930    i.USBD_LL_Start     usbd_conf.o
    0x08005808   0x00000012   Code   RO         5248    i.USBD_LL_Suspend   usbd_core.o
    0x0800581a   0x00000012   Code   RO          932    i.USBD_LL_Transmit  usbd_conf.o
    0x0800582c   0x00000030   Code   RO         5376    i.USBD_ParseSetupRequest  usbd_ctlreq.o
    0x0800585c   0x00000024   Code   RO         5249    i.USBD_RegisterClass  usbd_core.o
    0x08005880   0x00000014   Code   RO         5251    i.USBD_SetClassConfig  usbd_core.o
    0x08005894   0x000000bc   Code   RO         5377    i.USBD_SetConfig    usbd_ctlreq.o
    0x08005950   0x00000004   Code   RO         5252    i.USBD_Start        usbd_core.o
    0x08005954   0x00000114   Code   RO         5378    i.USBD_StdDevReq    usbd_ctlreq.o
    0x08005a68   0x00000140   Code   RO         5379    i.USBD_StdEPReq     usbd_ctlreq.o
    0x08005ba8   0x00000052   Code   RO         5380    i.USBD_StdItfReq    usbd_ctlreq.o
    0x08005bfa   0x00000002   Code   RO          933    i.USBD_static_free  usbd_conf.o
    0x08005bfc   0x00000008   Code   RO          934    i.USBD_static_malloc  usbd_conf.o
    0x08005c04   0x00000080   Code   RO         1701    i.USB_ActivateEndpoint  stm32f4xx_ll_usb.o
    0x08005c84   0x0000001c   Code   RO         1703    i.USB_ActivateSetup  stm32f4xx_ll_usb.o
    0x08005ca0   0x00000074   Code   RO         1705    i.USB_CoreInit      stm32f4xx_ll_usb.o
    0x08005d14   0x00000034   Code   RO         1706    i.USB_CoreReset     stm32f4xx_ll_usb.o
    0x08005d48   0x000000d0   Code   RO         1709    i.USB_DeactivateEndpoint  stm32f4xx_ll_usb.o
    0x08005e18   0x0000001c   Code   RO         1710    i.USB_DevConnect    stm32f4xx_ll_usb.o
    0x08005e34   0x0000001c   Code   RO         1711    i.USB_DevDisconnect  stm32f4xx_ll_usb.o
    0x08005e50   0x00000174   Code   RO         1712    i.USB_DevInit       stm32f4xx_ll_usb.o
    0x08005fc4   0x0000000c   Code   RO         1713    i.USB_DisableGlobalInt  stm32f4xx_ll_usb.o
    0x08005fd0   0x00000118   Code   RO         1716    i.USB_EP0StartXfer  stm32f4xx_ll_usb.o
    0x080060e8   0x00000058   Code   RO         1717    i.USB_EP0_OutStart  stm32f4xx_ll_usb.o
    0x08006140   0x00000058   Code   RO         1718    i.USB_EPClearStall  stm32f4xx_ll_usb.o
    0x08006198   0x00000058   Code   RO         1719    i.USB_EPSetStall    stm32f4xx_ll_usb.o
    0x080061f0   0x000001e4   Code   RO         1720    i.USB_EPStartXfer   stm32f4xx_ll_usb.o
    0x080063d4   0x0000000c   Code   RO         1721    i.USB_EnableGlobalInt  stm32f4xx_ll_usb.o
    0x080063e0   0x00000020   Code   RO         1722    i.USB_FlushRxFifo   stm32f4xx_ll_usb.o
    0x08006400   0x00000024   Code   RO         1723    i.USB_FlushTxFifo   stm32f4xx_ll_usb.o
    0x08006424   0x0000001a   Code   RO         1725    i.USB_GetDevSpeed   stm32f4xx_ll_usb.o
    0x0800643e   0x00000008   Code   RO         1727    i.USB_GetMode       stm32f4xx_ll_usb.o
    0x08006446   0x0000000e   Code   RO         1734    i.USB_ReadDevAllInEpInterrupt  stm32f4xx_ll_usb.o
    0x08006454   0x0000000e   Code   RO         1735    i.USB_ReadDevAllOutEpInterrupt  stm32f4xx_ll_usb.o
    0x08006462   0x00000024   Code   RO         1736    i.USB_ReadDevInEPInterrupt  stm32f4xx_ll_usb.o
    0x08006486   0x00000010   Code   RO         1737    i.USB_ReadDevOutEPInterrupt  stm32f4xx_ll_usb.o
    0x08006496   0x00000008   Code   RO         1738    i.USB_ReadInterrupts  stm32f4xx_ll_usb.o
    0x0800649e   0x0000001e   Code   RO         1739    i.USB_ReadPacket    stm32f4xx_ll_usb.o
    0x080064bc   0x0000002e   Code   RO         1741    i.USB_SetCurrentMode  stm32f4xx_ll_usb.o
    0x080064ea   0x00000022   Code   RO         1742    i.USB_SetDevAddress  stm32f4xx_ll_usb.o
    0x0800650c   0x000000e8   Code   RO         1744    i.USB_SetTurnaroundTime  stm32f4xx_ll_usb.o
    0x080065f4   0x00000024   Code   RO         1747    i.USB_WritePacket   stm32f4xx_ll_usb.o
    0x08006618   0x00000002   Code   RO         1256    i.UsageFault_Handler  stm32f4xx_it.o
    0x0800661a   0x00000020   Code   RO         2755    i.__NVIC_SetPriority  stm32f4xx_hal_cortex.o
    0x0800663a   0x0000000e   Code   RO         5647    i.__scatterload_copy  mc_w.l(handlers.o)
    0x08006648   0x00000002   Code   RO         5648    i.__scatterload_null  mc_w.l(handlers.o)
    0x0800664a   0x0000000e   Code   RO         5649    i.__scatterload_zeroinit  mc_w.l(handlers.o)
    0x08006658   0x00000070   Code   RO         4828    i.check_fs          ff.o
    0x080066c8   0x0000005c   Code   RO         4829    i.chk_lock          ff.o
    0x08006724   0x00000020   Code   RO         4830    i.clear_lock        ff.o
    0x08006744   0x00000026   Code   RO         4831    i.clmt_clust        ff.o
    0x0800676a   0x00000018   Code   RO         4832    i.clust2sect        ff.o
    0x08006782   0x00000002   PAD
    0x08006784   0x00000050   Code   RO           31    i.com_MB_Printer    funciones.o
    0x080067d4   0x0000006c   Code   RO           32    i.com_USB_PC        funciones.o
    0x08006840   0x000000a4   Code   RO         4833    i.create_chain      ff.o
    0x080068e4   0x000000bc   Code   RO         4834    i.create_name       ff.o
    0x080069a0   0x00000034   Code   RO         4835    i.dec_lock          ff.o
    0x080069d4   0x00000064   Code   RO         4836    i.dir_find          ff.o
    0x08006a38   0x000000fc   Code   RO         4837    i.dir_next          ff.o
    0x08006b34   0x00000076   Code   RO         4839    i.dir_register      ff.o
    0x08006baa   0x0000008e   Code   RO         4841    i.dir_sdi           ff.o
    0x08006c38   0x00000028   Code   RO         4773    i.disk_initialize   diskio.o
    0x08006c60   0x0000001c   Code   RO         4774    i.disk_ioctl        diskio.o
    0x08006c7c   0x0000001c   Code   RO         4775    i.disk_read         diskio.o
    0x08006c98   0x00000018   Code   RO         4776    i.disk_status       diskio.o
    0x08006cb0   0x0000001c   Code   RO         4777    i.disk_write        diskio.o
    0x08006ccc   0x000000cc   Code   RO           33    i.drawer            funciones.o
    0x08006d98   0x000000e8   Code   RO          448    i.escribe_memoria_ram  spi_driver.o
    0x08006e80   0x00000028   Code   RO         4842    i.f_close           ff.o
    0x08006ea8   0x00000058   Code   RO         4849    i.f_mount           ff.o
    0x08006f00   0x00000210   Code   RO         4850    i.f_open            ff.o
    0x08007110   0x00000168   Code   RO         4855    i.f_read            ff.o
    0x08007278   0x0000008e   Code   RO         4859    i.f_sync            ff.o
    0x08007306   0x00000002   PAD
    0x08007308   0x00000284   Code   RO         4863    i.find_volume       ff.o
    0x0800758c   0x0000007a   Code   RO         4864    i.follow_path       ff.o
    0x08007606   0x000000e8   Code   RO         4865    i.get_fat           ff.o
    0x080076ee   0x00000004   Code   RO          812    i.get_fattime       fatfs.o
    0x080076f2   0x0000003c   Code   RO         4867    i.get_ldnumber      ff.o
    0x0800772e   0x00000002   PAD
    0x08007730   0x00000080   Code   RO         4868    i.inc_lock          ff.o
    0x080077b0   0x00000026   Code   RO         4869    i.ld_clust          ff.o
    0x080077d6   0x00000016   Code   RO         4870    i.ld_dword          ff.o
    0x080077ec   0x0000000a   Code   RO         4871    i.ld_word           ff.o
    0x080077f6   0x00000002   PAD
    0x080077f8   0x0000004c   Code   RO           34    i.led_ERR           funciones.o
    0x08007844   0x0000004c   Code   RO           36    i.led_ok            funciones.o
    0x08007890   0x000000c4   Code   RO          449    i.lee_memoria_fiscal  spi_driver.o
    0x08007954   0x000000c4   Code   RO          450    i.lee_memoria_flash  spi_driver.o
    0x08007a18   0x000000e0   Code   RO          451    i.lee_memoria_ram   spi_driver.o
    0x08007af8   0x00000138   Code   RO          576    i.main              main.o
    0x08007c30   0x00000012   Code   RO         4872    i.mem_cpy           ff.o
    0x08007c42   0x0000000c   Code   RO         4873    i.mem_set           ff.o
    0x08007c4e   0x00000002   PAD
    0x08007c50   0x00000034   Code   RO           38    i.mensaje_USB       funciones.o
    0x08007c84   0x00000060   Code   RO          336    i.montar_sd         sd_driver.o
    0x08007ce4   0x00000032   Code   RO         4874    i.move_window       ff.o
    0x08007d16   0x00000002   PAD
    0x08007d18   0x0000006c   Code   RO          452    i.prueba_bateria    spi_driver.o
    0x08007d84   0x00000004   Code   RO          337    i.prueba_drv_sdio   sd_driver.o
    0x08007d88   0x0000003a   Code   RO          453    i.prueba_drv_spi1   spi_driver.o
    0x08007dc2   0x00000002   PAD
    0x08007dc4   0x00000054   Code   RO           39    i.prueba_jp1        funciones.o
    0x08007e18   0x00000054   Code   RO           40    i.prueba_jp2        funciones.o
    0x08007e6c   0x00000084   Code   RO          454    i.prueba_mem_fiscal  spi_driver.o
    0x08007ef0   0x00000074   Code   RO          455    i.prueba_mem_flash  spi_driver.o
    0x08007f64   0x000000b8   Code   RO          456    i.prueba_mem_ram    spi_driver.o
    0x0800801c   0x0000006c   Code   RO          457    i.prueba_mem_ram_read  spi_driver.o
    0x08008088   0x000000a4   Code   RO          458    i.prueba_mem_ram_write  spi_driver.o
    0x0800812c   0x00000034   Code   RO           42    i.prueba_rts_cts    funciones.o
    0x08008160   0x00000100   Code   RO          459    i.prueba_spi_ext    spi_driver.o
    0x08008260   0x00000054   Code   RO           43    i.prueba_sw         funciones.o
    0x080082b4   0x00000124   Code   RO         4875    i.put_fat           ff.o
    0x080083d8   0x00000074   Code   RO         4878    i.remove_chain      ff.o
    0x0800844c   0x00000098   Code   RO          460    i.selecciona_dispositivo  spi_driver.o
    0x080084e4   0x00000120   Code   RO          409    i.selftest          selftest.o
    0x08008604   0x00000028   Code   RO         4879    i.st_clust          ff.o
    0x0800862c   0x00000010   Code   RO         4880    i.st_dword          ff.o
    0x0800863c   0x00000008   Code   RO         4881    i.st_word           ff.o
    0x08008644   0x00000060   Code   RO          462    i.swap_gpio         spi_driver.o
    0x080086a4   0x00000088   Code   RO         4882    i.sync_fs           ff.o
    0x0800872c   0x00000052   Code   RO         4883    i.sync_window       ff.o
    0x0800877e   0x00000034   Code   RO         4884    i.validate          ff.o
    0x080087b2   0x00000002   PAD
    0x080087b4   0x00000014   Data   RO          757    .constdata          sd_diskio.o
    0x080087c8   0x00000008   Data   RO         2472    .constdata          stm32f4xx_hal_dma.o
    0x080087d0   0x00000010   Data   RO         4737    .constdata          system_stm32f4xx.o
    0x080087e0   0x00000008   Data   RO         4738    .constdata          system_stm32f4xx.o
    0x080087e8   0x0000009c   Data   RO         4886    .constdata          ff.o
    0x08008884   0x00000020   Data   RO         5645    Region$$Table       anon$$obj.o


    Execution Region RW_IRAM2 (Base: 0x10000000, Size: 0x00000000, Max: 0x00010000, ABSOLUTE)

    **** No section assigned to this execution region ****


    Execution Region RW_IRAM1 (Base: 0x20000000, Size: 0x00008d78, Max: 0x00020000, ABSOLUTE, COMPRESSED[0x000003d8])

    Base Addr    Size         Type   Attr      Idx    E Section Name        Object

    0x20000000   0x00000666   Data   RW           11    .data               textos.o
    0x20000666   0x00000002   PAD
    0x20000668   0x0000000d   Data   RW           49    .data               funciones.o
    0x20000675   0x0000000b   Data   RW          340    .data               sd_driver.o
    0x20000680   0x00000073   Data   RW          411    .data               selftest.o
    0x200006f3   0x00000001   Data   RW          464    .data               spi_driver.o
    0x200006f4   0x00000001   Data   RW          758    .data               sd_diskio.o
    0x200006f5   0x00000005   Data   RW          815    .data               fatfs.o
    0x200006fa   0x00000002   PAD
    0x200006fc   0x0000001c   Data   RW         1120    .data               usbd_desc.o
    0x20000718   0x00000032   Data   RW         1121    .data               usbd_desc.o
    0x2000074a   0x00000002   PAD
    0x2000074c   0x00000014   Data   RW         1191    .data               usbd_cdc_if.o
    0x20000760   0x0000000c   Data   RW         2899    .data               stm32f4xx_hal.o
    0x2000076c   0x00000004   Data   RW         4739    .data               system_stm32f4xx.o
    0x20000770   0x00000008   Data   RW         4887    .data               ff.o
    0x20000778   0x00000001   Data   RW         5381    .data               usbd_ctlreq.o
    0x20000779   0x00000003   PAD
    0x2000077c   0x000000d7   Data   RW         5520    .data               usbd_cdc.o
    0x20000853   0x00000001   PAD
    0x20000854   0x00000038   Data   RW         5521    .data               usbd_cdc.o
    0x2000088c   0x0000005a   Zero   RW           45    .bss                funciones.o
    0x200008e6   0x00000002   PAD
    0x200008e8   0x00002064   Zero   RW          339    .bss                sd_driver.o
    0x2000294c   0x0000001a   Zero   RW          410    .bss                selftest.o
    0x20002966   0x00000002   PAD
    0x20002968   0x00000020   Zero   RW          463    .bss                spi_driver.o
    0x20002988   0x0000020c   Zero   RW          577    .bss                main.o
    0x20002b94   0x00000060   Zero   RW          578    .bss                main.o
    0x20002bf4   0x00000060   Zero   RW          579    .bss                main.o
    0x20002c54   0x000002d0   Zero   RW          874    .bss                usb_device.o
    0x20002f24   0x00000c28   Zero   RW          935    .bss                usbd_conf.o
    0x20003b4c   0x00000200   Zero   RW         1119    .bss                usbd_desc.o
    0x20003d4c   0x00001000   Zero   RW         1190    .bss                usbd_cdc_if.o
    0x20004d4c   0x00000020   Zero   RW         4885    .bss                ff.o
    0x20004d6c   0x0000000c   Zero   RW         5164    .bss                ff_gen_drv.o
    0x20004d78   0x00004000   Zero   RW            1    STACK               startup_stm32f407xx.o


==============================================================================

Image component sizes


      Code (inc. data)   RO Data    RW Data    ZI Data      Debug   Object Name

       204         26          0          0          0       7331   bsp_driver_sd.o
       148         24          0          0          0       3921   diskio.o
        32         10          0          5          0       1592   fatfs.o
        24          4          0          0          0        577   fatfs_platform.o
      4550         82        156          8         32      39328   ff.o
        70          6          0          0         12       1727   ff_gen_drv.o
      1104        160          0         13         90     720380   funciones.o
      1272         88          0          0        716       5467   main.o
       220         14         20          1          0       4708   sd_diskio.o
       100         16          0         11       8292       7075   sd_driver.o
       668         96          0        115         26       2764   selftest.o
      2738        166          0          1         32      12888   spi_driver.o
        36          8        392          0      16384        868   startup_stm32f407xx.o
       180         28          0         12          0       9657   stm32f4xx_hal.o
       198         14          0          0          0      34103   stm32f4xx_hal_cortex.o
       930         16          8          0          0       5859   stm32f4xx_hal_dma.o
       480         44          0          0          0       3079   stm32f4xx_hal_gpio.o
       896         90          0          0          0       4362   stm32f4xx_hal_msp.o
      2290         16          0          0          0      13429   stm32f4xx_hal_pcd.o
        78          0          0          0          0       2621   stm32f4xx_hal_pcd_ex.o
      1340         82          0          0          0       6084   stm32f4xx_hal_rcc.o
       316         22          0          0          0       1524   stm32f4xx_hal_rcc_ex.o
      1072         18          0          0          0       6915   stm32f4xx_hal_rtc.o
      3130         42          0          0          0      16747   stm32f4xx_hal_sd.o
      1728         12          0          0          0       8742   stm32f4xx_hal_spi.o
      1572         16          0          0          0      12965   stm32f4xx_hal_uart.o
       104         42          0          0          0       7828   stm32f4xx_it.o
      1638         48          0          0          0      23867   stm32f4xx_ll_sdmmc.o
      2580        130          0          0          0      23904   stm32f4xx_ll_usb.o
        16          4         24          4          0       1203   system_stm32f4xx.o
         0          0          0       1638          0       1881   textos.o
        84         18          0          0        720        840   usb_device.o
       806         16          0        271          0      14385   usbd_cdc.o
       168         28          0         20       4096       4310   usbd_cdc_if.o
       644         24          0          0       3112      16908   usbd_conf.o
       744          0          0          0          0      13229   usbd_core.o
      1248         30          0          1          0      14848   usbd_ctlreq.o
       286        104          0         78        512       6361   usbd_desc.o
       132          0          0          0          0       4752   usbd_ioreq.o

    ----------------------------------------------------------------------
     33874       1544        632       2188      34028    1069029   Object Totals
         0          0         32          0          0          0   (incl. Generated)
        48          0          0         10          4          0   (incl. Padding)

    ----------------------------------------------------------------------

      Code (inc. data)   RO Data    RW Data    ZI Data      Debug   Library Member Name

        94          0          0          0          0          0   __dclz77c.o
         0          0          0          0          0          0   entry.o
         0          0          0          0          0          0   entry10a.o
         0          0          0          0          0          0   entry11a.o
         8          4          0          0          0          0   entry2.o
         4          0          0          0          0          0   entry5.o
         0          0          0          0          0          0   entry7b.o
         0          0          0          0          0          0   entry8b.o
         8          4          0          0          0          0   entry9a.o
        30          0          0          0          0          0   handlers.o
        36          8          0          0          0         68   init.o
        30          0          0          0          0         68   llshl.o
        32          0          0          0          0         68   llushr.o
        36          0          0          0          0         68   memcpya.o
        36          0          0          0          0        108   memseta.o
        28          0          0          0          0         76   strcmp.o
        18          0          0          0          0         68   strcpy.o
        14          0          0          0          0         68   strlen.o
        98          0          0          0          0         92   uldiv.o

    ----------------------------------------------------------------------
       474         16          0          0          0        684   Library Totals
         2          0          0          0          0          0   (incl. Padding)

    ----------------------------------------------------------------------

      Code (inc. data)   RO Data    RW Data    ZI Data      Debug   Library Name

       472         16          0          0          0        684   mc_w.l

    ----------------------------------------------------------------------
       474         16          0          0          0        684   Library Totals

    ----------------------------------------------------------------------

==============================================================================


      Code (inc. data)   RO Data    RW Data    ZI Data      Debug   

     34348       1560        632       2188      34028    1035037   Grand Totals
     34348       1560        632        984      34028    1035037   ELF Image Totals (compressed)
     34348       1560        632        984          0          0   ROM Totals

==============================================================================

    Total RO  Size (Code + RO Data)                34980 (  34.16kB)
    Total RW  Size (RW Data + ZI Data)             36216 (  35.37kB)
    Total ROM Size (Code + RO Data + RW Data)      35964 (  35.12kB)

==============================================================================

